--------------------------------------------------------------------------------
Release 14.7 Trace  (nt64)
Copyright (c) 1995-2013 Xilinx, Inc.  All rights reserved.

C:\Xilinx\14.7\ISE_DS\ISE\bin\nt64\unwrapped\trce.exe -intstyle ise -v 3 -s 4
-n 3 -fastpaths -xml typing_tutor.twx typing_tutor.ncd -o typing_tutor.twr
typing_tutor.pcf

Design file:              typing_tutor.ncd
Physical constraint file: typing_tutor.pcf
Device,package,speed:     xc3s500e,fg320,-4 (PRODUCTION 1.27 2013-10-13)
Report level:             verbose report

Environment Variable      Effect 
--------------------      ------ 
NONE                      No environment variables were set
--------------------------------------------------------------------------------

INFO:Timing:2698 - No timing constraints found, doing default enumeration.
INFO:Timing:3412 - To improve timing, see the Timing Closure User Guide (UG612).
INFO:Timing:2752 - To get complete path coverage, use the unconstrained paths 
   option. All paths that are not constrained will be reported in the 
   unconstrained paths section(s) of the report.
INFO:Timing:3339 - The clock-to-out numbers in this timing report are based on 
   a 50 Ohm transmission line loading model.  For the details of this model, 
   and for more information on accounting for different loading conditions, 
   please see the device datasheet.
INFO:Timing:3390 - This architecture does not support a default System Jitter 
   value, please add SYSTEM_JITTER constraint to the UCF to modify the Clock 
   Uncertainty calculation.
INFO:Timing:3389 - This architecture does not support 'Discrete Jitter' and 
   'Phase Error' calculations, these terms will be zero in the Clock 
   Uncertainty calculation.  Please make appropriate modification to 
   SYSTEM_JITTER to account for the unsupported Discrete Jitter and Phase 
   Error.



Data Sheet report:
-----------------
All values displayed in nanoseconds (ns)

Setup/Hold to clock Clk_50MHz
------------+------------+------------+------------------+--------+
            |Max Setup to|Max Hold to |                  | Clock  |
Source      | clk (edge) | clk (edge) |Internal Clock(s) | Phase  |
------------+------------+------------+------------------+--------+
SDC_MISO    |    1.433(R)|    0.062(R)|Clk_50MHz_BUFGP   |   0.000|
START       |    3.606(R)|    0.896(R)|Clk_50MHz_BUFGP   |   0.000|
STOP        |    5.476(R)|    1.249(R)|Clk_50MHz_BUFGP   |   0.000|
SW_0        |    8.361(R)|   -5.265(R)|Clk_50MHz_BUFGP   |   0.000|
SW_1        |    7.050(R)|   -4.217(R)|Clk_50MHz_BUFGP   |   0.000|
SW_2        |    7.653(R)|   -4.699(R)|Clk_50MHz_BUFGP   |   0.000|
SW_3        |    8.346(R)|   -5.253(R)|Clk_50MHz_BUFGP   |   0.000|
------------+------------+------------+------------------+--------+

Clock Clk_50MHz to Pad
------------+------------+------------------+--------+
            | clk (edge) |                  | Clock  |
Destination |   to PAD   |Internal Clock(s) | Phase  |
------------+------------+------------------+--------+
LED<0>      |    7.773(R)|Clk_50MHz_BUFGP   |   0.000|
LED<1>      |    7.775(R)|Clk_50MHz_BUFGP   |   0.000|
LED_7       |   13.259(R)|Clk_50MHz_BUFGP   |   0.000|
SDC_MOSI    |   10.558(R)|Clk_50MHz_BUFGP   |   0.000|
SDC_SCK     |    8.305(R)|Clk_50MHz_BUFGP   |   0.000|
SDC_SS      |    8.340(R)|Clk_50MHz_BUFGP   |   0.000|
VGA_B       |   10.965(R)|Clk_50MHz_BUFGP   |   0.000|
VGA_G       |   11.213(R)|Clk_50MHz_BUFGP   |   0.000|
VGA_HS      |    9.556(R)|Clk_50MHz_BUFGP   |   0.000|
VGA_R       |   10.960(R)|Clk_50MHz_BUFGP   |   0.000|
VGA_VS      |    8.680(R)|Clk_50MHz_BUFGP   |   0.000|
------------+------------+------------------+--------+

Clock to Setup on destination clock Clk_50MHz
---------------+---------+---------+---------+---------+
               | Src:Rise| Src:Fall| Src:Rise| Src:Fall|
Source Clock   |Dest:Rise|Dest:Rise|Dest:Fall|Dest:Fall|
---------------+---------+---------+---------+---------+
Clk_50MHz      |   10.424|         |         |         |
---------------+---------+---------+---------+---------+


Analysis completed Wed Mar 16 11:49:00 2022 
--------------------------------------------------------------------------------

Trace Settings:
-------------------------
Trace Settings 

Peak Memory Usage: 4525 MB



