Release 14.7 - xst P.20131013 (nt64)
Copyright (c) 1995-2013 Xilinx, Inc.  All rights reserved.
--> Parameter TMPDIR set to xst/projnav.tmp


Total REAL time to Xst completion: 0.00 secs
Total CPU time to Xst completion: 0.08 secs
 
--> Parameter xsthdpdir set to xst


Total REAL time to Xst completion: 0.00 secs
Total CPU time to Xst completion: 0.08 secs
 
--> Reading design: typing_tutor.prj

TABLE OF CONTENTS
  1) Synthesis Options Summary
  2) HDL Compilation
  3) Design Hierarchy Analysis
  4) HDL Analysis
  5) HDL Synthesis
     5.1) HDL Synthesis Report
  6) Advanced HDL Synthesis
     6.1) Advanced HDL Synthesis Report
  7) Low Level Synthesis
  8) Partition Report
  9) Final Report
	9.1) Device utilization summary
	9.2) Partition Resource Summary
	9.3) TIMING REPORT


=========================================================================
*                      Synthesis Options Summary                        *
=========================================================================
---- Source Parameters
Input File Name                    : "typing_tutor.prj"
Input Format                       : mixed
Ignore Synthesis Constraint File   : NO

---- Target Parameters
Output File Name                   : "typing_tutor"
Output Format                      : NGC
Target Device                      : xc3s500e-4-fg320

---- Source Options
Top Module Name                    : typing_tutor
Automatic FSM Extraction           : YES
FSM Encoding Algorithm             : Auto
Safe Implementation                : No
FSM Style                          : LUT
RAM Extraction                     : Yes
RAM Style                          : Auto
ROM Extraction                     : Yes
Mux Style                          : Auto
Decoder Extraction                 : YES
Priority Encoder Extraction        : Yes
Shift Register Extraction          : YES
Logical Shifter Extraction         : YES
XOR Collapsing                     : YES
ROM Style                          : Auto
Mux Extraction                     : Yes
Resource Sharing                   : YES
Asynchronous To Synchronous        : NO
Multiplier Style                   : Auto
Automatic Register Balancing       : No

---- Target Options
Add IO Buffers                     : YES
Global Maximum Fanout              : 100000
Add Generic Clock Buffer(BUFG)     : 24
Register Duplication               : YES
Slice Packing                      : YES
Optimize Instantiated Primitives   : NO
Use Clock Enable                   : Yes
Use Synchronous Set                : Yes
Use Synchronous Reset              : Yes
Pack IO Registers into IOBs        : Auto
Equivalent register Removal        : YES

---- General Options
Optimization Goal                  : Speed
Optimization Effort                : 1
Keep Hierarchy                     : No
Netlist Hierarchy                  : As_Optimized
RTL Output                         : Yes
Global Optimization                : AllClockNets
Read Cores                         : YES
Write Timing Constraints           : NO
Cross Clock Analysis               : NO
Hierarchy Separator                : /
Bus Delimiter                      : <>
Case Specifier                     : Maintain
Slice Utilization Ratio            : 100
BRAM Utilization Ratio             : 100
Verilog 2001                       : YES
Auto BRAM Packing                  : NO
Slice Utilization Ratio Delta      : 5

---- Other Options
Cores Search Directories           : {"SDC_FileReader" "VGAtxt48x20"  }

=========================================================================


=========================================================================
*                          HDL Compilation                              *
=========================================================================
Compiling vhdl file "C:/Users/nogac/Desktop/studejszyn_sem6/UCiSW2/testy/Test_VGAscan/Test_VGAscan/VGAtxt48x20.vhd" in Library work.
Architecture structure of Entity vgatxt48x20 is up to date.
Compiling vhdl file "C:/Users/nogac/Desktop/studejszyn_sem6/UCiSW2/typing_tutor/typing_tutor/typing_tutor.vhf" in Library work.
Architecture behavioral of Entity typing_tutor is up to date.

=========================================================================
*                     Design Hierarchy Analysis                         *
=========================================================================
Analyzing hierarchy for entity <typing_tutor> in library <work> (architecture <behavioral>).

Analyzing hierarchy for entity <VGAtxt48x20> in library <work> (architecture <structure>).


=========================================================================
*                            HDL Analysis                               *
=========================================================================
Analyzing Entity <typing_tutor> in library <work> (Architecture <behavioral>).
WARNING:Xst:2211 - "C:/Users/nogac/Desktop/studejszyn_sem6/UCiSW2/typing_tutor/typing_tutor/typing_tutor.vhf" line 124: Instantiating black box module <SDC_FileReader>.
Entity <typing_tutor> analyzed. Unit <typing_tutor> generated.

Analyzing Entity <VGAtxt48x20> in library <work> (Architecture <structure>).
    Set user-defined property "INIT =  0" for instance <XLXI_147_En> in unit <VGAtxt48x20>.
    Set user-defined property "INIT =  6" for instance <XLXI_5_Madd_Rd_Address_10_6_add0000_lut_0_Q> in unit <VGAtxt48x20>.
    Set user-defined property "INIT =  6" for instance <XLXI_5_Madd_Rd_Address_10_6_add0000_lut_1_Q> in unit <VGAtxt48x20>.
    Set user-defined property "INIT =  6" for instance <XLXI_5_Madd_Rd_Address_10_6_add0000_lut_2_Q> in unit <VGAtxt48x20>.
    Set user-defined property "INIT =  6" for instance <XLXI_5_Madd_Rd_Address_10_6_add0000_lut_3_Q> in unit <VGAtxt48x20>.
    Set user-defined property "INIT =  6" for instance <XLXI_5_Madd_Rd_Address_10_6_add0000_lut_4_Q> in unit <VGAtxt48x20>.
    Set user-defined property "INIT =  9009" for instance <XLXI_113_Mcompar_CursorActive_cmp_eq0000_lut_0_Q> in unit <VGAtxt48x20>.
    Set user-defined property "INIT =  9009" for instance <XLXI_113_Mcompar_CursorActive_cmp_eq0000_lut_1_Q> in unit <VGAtxt48x20>.
    Set user-defined property "INIT =  9009" for instance <XLXI_113_Mcompar_CursorActive_cmp_eq0000_lut_2_Q> in unit <VGAtxt48x20>.
    Set user-defined property "INIT =  9009" for instance <XLXI_113_Mcompar_CursorActive_cmp_eq0000_lut_3_Q> in unit <VGAtxt48x20>.
    Set user-defined property "INIT =  9009" for instance <XLXI_113_Mcompar_CursorActive_cmp_eq0000_lut_4_Q> in unit <VGAtxt48x20>.
    Set user-defined property "INIT =  9" for instance <XLXI_113_Mcompar_CursorActive_cmp_eq0000_lut_5_Q> in unit <VGAtxt48x20>.
    Set user-defined property "INIT =  0" for instance <I_CursorCnt_ScrollBase_4> in unit <VGAtxt48x20>.
    Set user-defined property "INIT =  0" for instance <I_CursorCnt_ScrollBase_3> in unit <VGAtxt48x20>.
    Set user-defined property "INIT =  0" for instance <I_CursorCnt_ScrollBase_2> in unit <VGAtxt48x20>.
    Set user-defined property "INIT =  0" for instance <I_CursorCnt_ScrollBase_1> in unit <VGAtxt48x20>.
    Set user-defined property "INIT =  0" for instance <I_CursorCnt_ScrollBase_0> in unit <VGAtxt48x20>.
    Set user-defined property "INIT =  0" for instance <I_CursorCnt_ColCnt_5> in unit <VGAtxt48x20>.
    Set user-defined property "INIT =  0" for instance <I_CursorCnt_ColCnt_4> in unit <VGAtxt48x20>.
    Set user-defined property "INIT =  0" for instance <I_CursorCnt_ColCnt_3> in unit <VGAtxt48x20>.
    Set user-defined property "INIT =  0" for instance <I_CursorCnt_ColCnt_2> in unit <VGAtxt48x20>.
    Set user-defined property "INIT =  0" for instance <I_CursorCnt_ColCnt_1> in unit <VGAtxt48x20>.
    Set user-defined property "INIT =  0" for instance <I_CursorCnt_ColCnt_0> in unit <VGAtxt48x20>.
    Set user-defined property "INIT =  0" for instance <I_CursorCnt_LineCnt_4> in unit <VGAtxt48x20>.
    Set user-defined property "INIT =  0" for instance <I_CursorCnt_LineCnt_3> in unit <VGAtxt48x20>.
    Set user-defined property "INIT =  0" for instance <I_CursorCnt_LineCnt_2> in unit <VGAtxt48x20>.
    Set user-defined property "INIT =  0" for instance <I_CursorCnt_LineCnt_1> in unit <VGAtxt48x20>.
    Set user-defined property "INIT =  0" for instance <I_CursorCnt_LineCnt_0> in unit <VGAtxt48x20>.
    Set user-defined property "INIT =  0" for instance <I_CursorCnt_State_0> in unit <VGAtxt48x20>.
    Set user-defined property "INIT =  0" for instance <I_ModeCtrl_cntMod30_4> in unit <VGAtxt48x20>.
    Set user-defined property "INIT =  0" for instance <I_ModeCtrl_cntMod30_3> in unit <VGAtxt48x20>.
    Set user-defined property "INIT =  0" for instance <I_ModeCtrl_cntMod30_2> in unit <VGAtxt48x20>.
    Set user-defined property "INIT =  0" for instance <I_ModeCtrl_cntMod30_1> in unit <VGAtxt48x20>.
    Set user-defined property "INIT =  0" for instance <I_ModeCtrl_cntMod30_0> in unit <VGAtxt48x20>.
    Set user-defined property "INIT =  0" for instance <I_ModeCtrl_cntY_9> in unit <VGAtxt48x20>.
    Set user-defined property "INIT =  0" for instance <I_ModeCtrl_cntY_8> in unit <VGAtxt48x20>.
    Set user-defined property "INIT =  0" for instance <I_ModeCtrl_cntY_7> in unit <VGAtxt48x20>.
    Set user-defined property "INIT =  0" for instance <I_ModeCtrl_cntY_6> in unit <VGAtxt48x20>.
    Set user-defined property "INIT =  0" for instance <I_ModeCtrl_cntY_5> in unit <VGAtxt48x20>.
    Set user-defined property "INIT =  0" for instance <I_ModeCtrl_cntY_4> in unit <VGAtxt48x20>.
    Set user-defined property "INIT =  0" for instance <I_ModeCtrl_cntY_3> in unit <VGAtxt48x20>.
    Set user-defined property "INIT =  0" for instance <I_ModeCtrl_cntY_2> in unit <VGAtxt48x20>.
    Set user-defined property "INIT =  0" for instance <I_ModeCtrl_cntY_1> in unit <VGAtxt48x20>.
    Set user-defined property "INIT =  0" for instance <I_ModeCtrl_cntY_0> in unit <VGAtxt48x20>.
    Set user-defined property "INIT =  0" for instance <I_ModeCtrl_cntX_10> in unit <VGAtxt48x20>.
    Set user-defined property "INIT =  0" for instance <I_ModeCtrl_cntX_9> in unit <VGAtxt48x20>.
    Set user-defined property "INIT =  0" for instance <I_ModeCtrl_cntX_8> in unit <VGAtxt48x20>.
    Set user-defined property "INIT =  0" for instance <I_ModeCtrl_cntX_7> in unit <VGAtxt48x20>.
    Set user-defined property "INIT =  0" for instance <I_ModeCtrl_cntX_6> in unit <VGAtxt48x20>.
    Set user-defined property "INIT =  0" for instance <I_ModeCtrl_cntX_5> in unit <VGAtxt48x20>.
    Set user-defined property "INIT =  0" for instance <I_ModeCtrl_cntX_4> in unit <VGAtxt48x20>.
    Set user-defined property "INIT =  0" for instance <I_ModeCtrl_cntX_3> in unit <VGAtxt48x20>.
    Set user-defined property "INIT =  0" for instance <I_ModeCtrl_cntX_2> in unit <VGAtxt48x20>.
    Set user-defined property "INIT =  0" for instance <I_ModeCtrl_cntX_1> in unit <VGAtxt48x20>.
    Set user-defined property "INIT =  0" for instance <I_ModeCtrl_cntX_0> in unit <VGAtxt48x20>.
    Set user-defined property "INIT =  0" for instance <I_ModeCtrl_iLineNo_4> in unit <VGAtxt48x20>.
    Set user-defined property "INIT =  0" for instance <I_ModeCtrl_iLineNo_3> in unit <VGAtxt48x20>.
    Set user-defined property "INIT =  0" for instance <I_ModeCtrl_iLineNo_2> in unit <VGAtxt48x20>.
    Set user-defined property "INIT =  0" for instance <I_ModeCtrl_iLineNo_1> in unit <VGAtxt48x20>.
    Set user-defined property "INIT =  0" for instance <I_ModeCtrl_iLineNo_0> in unit <VGAtxt48x20>.
    Set user-defined property "INIT =  0" for instance <I_ModeCtrl_HSync> in unit <VGAtxt48x20>.
    Set user-defined property "INIT =  1" for instance <I_ModeCtrl_VActive> in unit <VGAtxt48x20>.
    Set user-defined property "INIT =  1" for instance <I_ModeCtrl_HActive> in unit <VGAtxt48x20>.
    Set user-defined property "INIT =  0" for instance <I_ModeCtrl_VSync> in unit <VGAtxt48x20>.
    Set user-defined property "INIT =  0" for instance <XLXI_115_XLXI_155_ActiveX> in unit <VGAtxt48x20>.
    Set user-defined property "INIT =  0" for instance <XLXI_115_XLXI_155_prevDetectY> in unit <VGAtxt48x20>.
    Set user-defined property "INIT =  0" for instance <XLXI_115_XLXI_155_prevDetectX> in unit <VGAtxt48x20>.
    Set user-defined property "INIT =  0" for instance <XLXI_115_XLXI_155_PixOut> in unit <VGAtxt48x20>.
    Set user-defined property "INIT =  1254" for instance <XLXI_115_XLXI_155_Mrom_iPixOut_rom00001> in unit <VGAtxt48x20>.
    Set user-defined property "INIT =  6E7E" for instance <XLXI_115_XLXI_155_Mrom_iPixOut_rom00002> in unit <VGAtxt48x20>.
    Set user-defined property "INIT =  2B92" for instance <XLXI_115_XLXI_155_Mrom_iPixOut_rom00003> in unit <VGAtxt48x20>.
    Set user-defined property "INIT =  2612" for instance <XLXI_115_XLXI_155_Mrom_iPixOut_rom000011> in unit <VGAtxt48x20>.
    Set user-defined property "INIT =  8849" for instance <XLXI_115_XLXI_155_Mrom_iPixOut_rom000012> in unit <VGAtxt48x20>.
    Set user-defined property "INIT =  4484" for instance <XLXI_115_XLXI_155_Mrom_iPixOut_rom000013> in unit <VGAtxt48x20>.
    Set user-defined property "INIT =  0648" for instance <XLXI_115_XLXI_155_Mrom_iPixOut_rom000021> in unit <VGAtxt48x20>.
    Set user-defined property "INIT =  3E9D" for instance <XLXI_115_XLXI_155_Mrom_iPixOut_rom000022> in unit <VGAtxt48x20>.
    Set user-defined property "INIT =  4984" for instance <XLXI_115_XLXI_155_Mrom_iPixOut_rom000023> in unit <VGAtxt48x20>.
    Set user-defined property "INIT =  0948" for instance <XLXI_115_XLXI_155_Mrom_iPixOut_rom000031> in unit <VGAtxt48x20>.
    Set user-defined property "INIT =  6261" for instance <XLXI_115_XLXI_155_Mrom_iPixOut_rom000032> in unit <VGAtxt48x20>.
    Set user-defined property "INIT =  6121" for instance <XLXI_115_XLXI_155_Mrom_iPixOut_rom000033> in unit <VGAtxt48x20>.
    Set user-defined property "INIT =  1424" for instance <XLXI_115_XLXI_155_Mrom_iPixOut_rom00004> in unit <VGAtxt48x20>.
    Set user-defined property "INIT =  9F72" for instance <XLXI_115_XLXI_155_Mrom_iPixOut_rom000041> in unit <VGAtxt48x20>.
    Set user-defined property "INIT =  3192" for instance <XLXI_115_XLXI_155_Mrom_iPixOut_rom000042> in unit <VGAtxt48x20>.
    Set user-defined property "INIT =  1" for instance <XLXI_115_XLXI_155_cntLine_0> in unit <VGAtxt48x20>.
    Set user-defined property "INIT =  0" for instance <XLXI_115_XLXI_155_cntLine_1> in unit <VGAtxt48x20>.
    Set user-defined property "INIT =  1" for instance <XLXI_115_XLXI_155_cntLine_2> in unit <VGAtxt48x20>.
    Set user-defined property "INIT =  0" for instance <XLXI_115_XLXI_155_cntCol_0> in unit <VGAtxt48x20>.
    Set user-defined property "INIT =  0" for instance <XLXI_115_XLXI_155_cntCol_1> in unit <VGAtxt48x20>.
    Set user-defined property "INIT =  0" for instance <XLXI_115_XLXI_155_cntCol_2> in unit <VGAtxt48x20>.
    Set user-defined property "INIT =  0" for instance <XLXI_115_XLXI_155_cntCol_3> in unit <VGAtxt48x20>.
    Set user-defined property "INIT =  0" for instance <XLXI_115_XLXI_155_cntCol_4> in unit <VGAtxt48x20>.
    Set user-defined property "INIT =  0" for instance <XLXI_115_XLXI_155_cntCol_5> in unit <VGAtxt48x20>.
    Set user-defined property "INIT =  0" for instance <XLXI_115_XLXI_152_Cnt_24> in unit <VGAtxt48x20>.
    Set user-defined property "INIT =  0" for instance <XLXI_115_XLXI_152_Cnt_23> in unit <VGAtxt48x20>.
    Set user-defined property "INIT =  0" for instance <XLXI_115_XLXI_152_Cnt_22> in unit <VGAtxt48x20>.
    Set user-defined property "INIT =  0" for instance <XLXI_115_XLXI_152_Cnt_21> in unit <VGAtxt48x20>.
    Set user-defined property "INIT =  0" for instance <XLXI_115_XLXI_152_Cnt_20> in unit <VGAtxt48x20>.
    Set user-defined property "INIT =  0" for instance <XLXI_115_XLXI_152_Cnt_19> in unit <VGAtxt48x20>.
    Set user-defined property "INIT =  0" for instance <XLXI_115_XLXI_152_Cnt_18> in unit <VGAtxt48x20>.
    Set user-defined property "INIT =  0" for instance <XLXI_115_XLXI_152_Cnt_17> in unit <VGAtxt48x20>.
    Set user-defined property "INIT =  0" for instance <XLXI_115_XLXI_152_Cnt_16> in unit <VGAtxt48x20>.
    Set user-defined property "INIT =  0" for instance <XLXI_115_XLXI_152_Cnt_15> in unit <VGAtxt48x20>.
    Set user-defined property "INIT =  0" for instance <XLXI_115_XLXI_152_Cnt_14> in unit <VGAtxt48x20>.
    Set user-defined property "INIT =  0" for instance <XLXI_115_XLXI_152_Cnt_13> in unit <VGAtxt48x20>.
    Set user-defined property "INIT =  0" for instance <XLXI_115_XLXI_152_Cnt_12> in unit <VGAtxt48x20>.
    Set user-defined property "INIT =  0" for instance <XLXI_115_XLXI_152_Cnt_11> in unit <VGAtxt48x20>.
    Set user-defined property "INIT =  0" for instance <XLXI_115_XLXI_152_Cnt_10> in unit <VGAtxt48x20>.
    Set user-defined property "INIT =  0" for instance <XLXI_115_XLXI_152_Cnt_9> in unit <VGAtxt48x20>.
    Set user-defined property "INIT =  0" for instance <XLXI_115_XLXI_152_Cnt_8> in unit <VGAtxt48x20>.
    Set user-defined property "INIT =  0" for instance <XLXI_115_XLXI_152_Cnt_7> in unit <VGAtxt48x20>.
    Set user-defined property "INIT =  0" for instance <XLXI_115_XLXI_152_Cnt_6> in unit <VGAtxt48x20>.
    Set user-defined property "INIT =  0" for instance <XLXI_115_XLXI_152_Cnt_5> in unit <VGAtxt48x20>.
    Set user-defined property "INIT =  0" for instance <XLXI_115_XLXI_152_Cnt_4> in unit <VGAtxt48x20>.
    Set user-defined property "INIT =  0" for instance <XLXI_115_XLXI_152_Cnt_3> in unit <VGAtxt48x20>.
    Set user-defined property "INIT =  0" for instance <XLXI_115_XLXI_152_Cnt_2> in unit <VGAtxt48x20>.
    Set user-defined property "INIT =  0" for instance <XLXI_115_XLXI_152_Cnt_1> in unit <VGAtxt48x20>.
    Set user-defined property "INIT =  0" for instance <XLXI_115_XLXI_152_Cnt_0> in unit <VGAtxt48x20>.
    Set user-defined property "INIT =  0" for instance <XLXI_115_XLXI_147_O> in unit <VGAtxt48x20>.
    Set user-defined property "INIT =  0" for instance <XLXI_115_XLXI_151_Q> in unit <VGAtxt48x20>.
    Set user-defined property "INIT =  0" for instance <XLXI_115_XLXI_151_O> in unit <VGAtxt48x20>.
    Set user-defined property "INIT =  4" for instance <I_CursorCnt_RAM_DI_Out_7_1> in unit <VGAtxt48x20>.
    Set user-defined property "INIT =  4" for instance <I_CursorCnt_RAM_DI_Out_6_1> in unit <VGAtxt48x20>.
    Set user-defined property "INIT =  4" for instance <I_CursorCnt_RAM_DI_Out_5_1> in unit <VGAtxt48x20>.
    Set user-defined property "INIT =  4" for instance <I_CursorCnt_RAM_DI_Out_4_1> in unit <VGAtxt48x20>.
    Set user-defined property "INIT =  4" for instance <I_CursorCnt_RAM_DI_Out_3_1> in unit <VGAtxt48x20>.
    Set user-defined property "INIT =  4" for instance <I_CursorCnt_RAM_DI_Out_2_1> in unit <VGAtxt48x20>.
    Set user-defined property "INIT =  4" for instance <I_CursorCnt_RAM_DI_Out_1_1> in unit <VGAtxt48x20>.
    Set user-defined property "INIT =  4" for instance <I_CursorCnt_RAM_DI_Out_0_1> in unit <VGAtxt48x20>.
    Set user-defined property "INIT =  8" for instance <I_ModeCtrl_Active1> in unit <VGAtxt48x20>.
    Set user-defined property "INIT =  6" for instance <XLXI_115_XLXI_155_Mcount_cntLine_xor_1_11> in unit <VGAtxt48x20>.
    Set user-defined property "INIT =  6" for instance <XLXI_115_XLXI_155_Mcount_cntCol_xor_1_11> in unit <VGAtxt48x20>.
    Set user-defined property "INIT =  6" for instance <I_ModeCtrl_Mcount_iLineNo_xor_1_11> in unit <VGAtxt48x20>.
    Set user-defined property "INIT =  6" for instance <I_ModeCtrl_Mcount_cntMod30_xor_1_11> in unit <VGAtxt48x20>.
    Set user-defined property "INIT =  6" for instance <I_CursorCnt_Mcount_ScrollBase_xor_1_11> in unit <VGAtxt48x20>.
    Set user-defined property "INIT =  6" for instance <I_CursorCnt_Mcount_ColCnt_xor_1_11> in unit <VGAtxt48x20>.
    Set user-defined property "INIT =  6A" for instance <XLXI_115_XLXI_155_Mcount_cntLine_xor_2_11> in unit <VGAtxt48x20>.
    Set user-defined property "INIT =  6A" for instance <XLXI_115_XLXI_155_Mcount_cntCol_xor_2_11> in unit <VGAtxt48x20>.
    Set user-defined property "INIT =  6A" for instance <I_ModeCtrl_Mcount_iLineNo_xor_2_11> in unit <VGAtxt48x20>.
    Set user-defined property "INIT =  6A" for instance <I_ModeCtrl_Mcount_cntMod30_xor_2_11> in unit <VGAtxt48x20>.
    Set user-defined property "INIT =  6A" for instance <I_CursorCnt_Mcount_ScrollBase_xor_2_11> in unit <VGAtxt48x20>.
    Set user-defined property "INIT =  6A" for instance <I_CursorCnt_Mcount_ColCnt_xor_2_11> in unit <VGAtxt48x20>.
    Set user-defined property "INIT =  6AAA" for instance <I_ModeCtrl_Result_3_31> in unit <VGAtxt48x20>.
    Set user-defined property "INIT =  6AAA" for instance <I_ModeCtrl_Result_3_1> in unit <VGAtxt48x20>.
    Set user-defined property "INIT =  6AAA" for instance <I_CursorCnt_Result_3_11> in unit <VGAtxt48x20>.
    Set user-defined property "INIT =  6AAA" for instance <I_CursorCnt_Mcount_ColCnt_xor_3_11> in unit <VGAtxt48x20>.
    Set user-defined property "INIT =  F7" for instance <XLXI_115_XLXI_155_ActiveX_cmp_eq0000_SW0> in unit <VGAtxt48x20>.
    Set user-defined property "INIT =  0020" for instance <XLXI_115_XLXI_155_ActiveX_cmp_eq0000> in unit <VGAtxt48x20>.
    Set user-defined property "INIT =  7F" for instance <XLXI_115_XLXI_155_Result_3_11> in unit <VGAtxt48x20>.
    Set user-defined property "INIT =  A6" for instance <XLXI_115_XLXI_155_Result_4_1> in unit <VGAtxt48x20>.
    Set user-defined property "INIT =  A6" for instance <I_CursorCnt_Mcount_ColCnt_xor_5_12> in unit <VGAtxt48x20>.
    Set user-defined property "INIT =  CC6C" for instance <XLXI_115_XLXI_155_Result_5_1> in unit <VGAtxt48x20>.
    Set user-defined property "INIT =  FE" for instance <XLXI_115_XLXI_155_DetectX_cmp_eq0000_inv_SW0> in unit <VGAtxt48x20>.
    Set user-defined property "INIT =  FF7F" for instance <XLXI_115_XLXI_155_DetectX_cmp_eq0000_inv> in unit <VGAtxt48x20>.
    Set user-defined property "INIT =  E" for instance <I_CursorCnt_ColCnt_or00011> in unit <VGAtxt48x20>.
    Set user-defined property "INIT =  F7" for instance <I_ModeCtrl_NewChar_and0000_SW0> in unit <VGAtxt48x20>.
    Set user-defined property "INIT =  0001" for instance <I_ModeCtrl_NewChar_and0000> in unit <VGAtxt48x20>.
    Set user-defined property "INIT =  FDFF" for instance <I_ModeCtrl_HSync_and0000_SW0> in unit <VGAtxt48x20>.
    Set user-defined property "INIT =  0002" for instance <I_ModeCtrl_HSync_and0000> in unit <VGAtxt48x20>.
    Set user-defined property "INIT =  FFFD" for instance <I_ModeCtrl_HSync_mux00007> in unit <VGAtxt48x20>.
    Set user-defined property "INIT =  EAE2" for instance <I_ModeCtrl_HSync_mux000032> in unit <VGAtxt48x20>.
    Set user-defined property "INIT =  EAE2" for instance <I_ModeCtrl_VActive_mux000068> in unit <VGAtxt48x20>.
    Set user-defined property "INIT =  FFFE" for instance <I_ModeCtrl_VSync_mux00004> in unit <VGAtxt48x20>.
    Set user-defined property "INIT =  FFFD" for instance <I_ModeCtrl_VSync_mux000012> in unit <VGAtxt48x20>.
    Set user-defined property "INIT =  7" for instance <I_ModeCtrl_VSync_mux000016> in unit <VGAtxt48x20>.
    Set user-defined property "INIT =  AAA8" for instance <I_ModeCtrl_VSync_mux000037> in unit <VGAtxt48x20>.
    Set user-defined property "INIT =  4000" for instance <I_ModeCtrl_VSync_mux000054> in unit <VGAtxt48x20>.
    Set user-defined property "INIT =  4000" for instance <I_ModeCtrl_VSync_mux000062> in unit <VGAtxt48x20>.
    Set user-defined property "INIT =  1" for instance <I_ModeCtrl_VSync_mux000066> in unit <VGAtxt48x20>.
    Set user-defined property "INIT =  0020" for instance <I_ModeCtrl_iLineNo_cmp_eq00002> in unit <VGAtxt48x20>.
    Set user-defined property "INIT =  0020" for instance <I_ModeCtrl_iLineNo_cmp_eq00001> in unit <VGAtxt48x20>.
    Set user-defined property "INIT =  08" for instance <I_ModeCtrl_HActive_and00001> in unit <VGAtxt48x20>.
    Set user-defined property "INIT =  7F" for instance <I_CursorCnt_LineCnt_mux0001_3_11> in unit <VGAtxt48x20>.
    Set user-defined property "INIT =  FF7F" for instance <I_ModeCtrl_HActive_mux000012> in unit <VGAtxt48x20>.
    Set user-defined property "INIT =  EAE2" for instance <I_ModeCtrl_HActive_mux000051> in unit <VGAtxt48x20>.
    Set user-defined property "INIT =  8" for instance <XLXI_115_XLXI_152_Blink1> in unit <VGAtxt48x20>.
    Set user-defined property "INIT =  80" for instance <XLXI_115_XLXI_155_StartY111> in unit <VGAtxt48x20>.
    Set user-defined property "INIT =  80" for instance <I_ModeCtrl_VSync_cmp_eq000021> in unit <VGAtxt48x20>.
    Set user-defined property "INIT =  8" for instance <I_ModeCtrl_iLineNo_not00011> in unit <VGAtxt48x20>.
    Set user-defined property "INIT =  80" for instance <I_ModeCtrl_iLineNo_and00001> in unit <VGAtxt48x20>.
    Set user-defined property "INIT =  F800" for instance <I_ModeCtrl_cntMod30_and00001> in unit <VGAtxt48x20>.
    Set user-defined property "INIT =  2000" for instance <I_ModeCtrl_VSync_cmp_eq00002> in unit <VGAtxt48x20>.
    Set user-defined property "INIT =  0001" for instance <I_ModeCtrl_VSync_cmp_eq00001> in unit <VGAtxt48x20>.
    Set user-defined property "INIT =  0020" for instance <XLXI_115_XLXI_155_ActiveX_and00001120> in unit <VGAtxt48x20>.
    Set user-defined property "INIT =  7" for instance <XLXI_113_CursorActive_and0001_SW0> in unit <VGAtxt48x20>.
    Set user-defined property "INIT =  FD" for instance <I_CursorCnt_NextState_0_mux000021> in unit <VGAtxt48x20>.
    Set user-defined property "INIT =  A3" for instance <I_CursorCnt_LineCnt_mux0001_0_1> in unit <VGAtxt48x20>.
    Set user-defined property "INIT =  F888" for instance <I_CursorCnt_NextState_0_mux00001> in unit <VGAtxt48x20>.
    Set user-defined property "INIT =  AAC3" for instance <I_CursorCnt_LineCnt_mux0001_3_1> in unit <VGAtxt48x20>.
    Set user-defined property "INIT =  AA3C" for instance <I_CursorCnt_LineCnt_mux0001_1_1> in unit <VGAtxt48x20>.
    Set user-defined property "INIT =  AA3C" for instance <I_CursorCnt_LineCnt_mux0001_4_Q> in unit <VGAtxt48x20>.
    Set user-defined property "INIT =  7" for instance <I_CursorCnt_LineCnt_mux0001_2_SW0> in unit <VGAtxt48x20>.
    Set user-defined property "INIT =  AAC3" for instance <I_CursorCnt_LineCnt_mux0001_2_Q> in unit <VGAtxt48x20>.
    Set user-defined property "INIT =  2064" for instance <I_CursorCnt_LastLine52> in unit <VGAtxt48x20>.
    Set user-defined property "INIT =  4" for instance <I_CursorCnt_LastLine5111> in unit <VGAtxt48x20>.
    Set user-defined property "INIT =  FDA8" for instance <XLXI_115_XLXI_155_iPixOut103> in unit <VGAtxt48x20>.
    Set user-defined property "INIT =  0" for instance <XLXI_115_XLXI_147_Q> in unit <VGAtxt48x20>.
    Set user-defined property "INIT =  2A" for instance <XLXI_113_CursorActive_and00011> in unit <VGAtxt48x20>.
    Set user-defined property "INIT =  2" for instance <I_ModeCtrl_Mcount_cntY_cy_8_rt> in unit <VGAtxt48x20>.
    Set user-defined property "INIT =  2" for instance <I_ModeCtrl_Mcount_cntY_cy_7_rt> in unit <VGAtxt48x20>.
    Set user-defined property "INIT =  2" for instance <I_ModeCtrl_Mcount_cntY_cy_6_rt> in unit <VGAtxt48x20>.
    Set user-defined property "INIT =  2" for instance <I_ModeCtrl_Mcount_cntY_cy_5_rt> in unit <VGAtxt48x20>.
    Set user-defined property "INIT =  2" for instance <I_ModeCtrl_Mcount_cntY_cy_4_rt> in unit <VGAtxt48x20>.
    Set user-defined property "INIT =  2" for instance <I_ModeCtrl_Mcount_cntY_cy_3_rt> in unit <VGAtxt48x20>.
    Set user-defined property "INIT =  2" for instance <I_ModeCtrl_Mcount_cntY_cy_2_rt> in unit <VGAtxt48x20>.
    Set user-defined property "INIT =  2" for instance <I_ModeCtrl_Mcount_cntY_cy_1_rt> in unit <VGAtxt48x20>.
    Set user-defined property "INIT =  2" for instance <I_ModeCtrl_Mcount_cntX_cy_9_rt> in unit <VGAtxt48x20>.
    Set user-defined property "INIT =  2" for instance <I_ModeCtrl_Mcount_cntX_cy_8_rt> in unit <VGAtxt48x20>.
    Set user-defined property "INIT =  2" for instance <I_ModeCtrl_Mcount_cntX_cy_7_rt> in unit <VGAtxt48x20>.
    Set user-defined property "INIT =  2" for instance <I_ModeCtrl_Mcount_cntX_cy_6_rt> in unit <VGAtxt48x20>.
    Set user-defined property "INIT =  2" for instance <I_ModeCtrl_Mcount_cntX_cy_5_rt> in unit <VGAtxt48x20>.
    Set user-defined property "INIT =  2" for instance <I_ModeCtrl_Mcount_cntX_cy_4_rt> in unit <VGAtxt48x20>.
    Set user-defined property "INIT =  2" for instance <I_ModeCtrl_Mcount_cntX_cy_3_rt> in unit <VGAtxt48x20>.
    Set user-defined property "INIT =  2" for instance <I_ModeCtrl_Mcount_cntX_cy_2_rt> in unit <VGAtxt48x20>.
    Set user-defined property "INIT =  2" for instance <I_ModeCtrl_Mcount_cntX_cy_1_rt> in unit <VGAtxt48x20>.
    Set user-defined property "INIT =  2" for instance <XLXI_115_XLXI_152_Mcount_Cnt_cy_23_rt> in unit <VGAtxt48x20>.
    Set user-defined property "INIT =  2" for instance <XLXI_115_XLXI_152_Mcount_Cnt_cy_22_rt> in unit <VGAtxt48x20>.
    Set user-defined property "INIT =  2" for instance <XLXI_115_XLXI_152_Mcount_Cnt_cy_21_rt> in unit <VGAtxt48x20>.
    Set user-defined property "INIT =  2" for instance <XLXI_115_XLXI_152_Mcount_Cnt_cy_20_rt> in unit <VGAtxt48x20>.
    Set user-defined property "INIT =  2" for instance <XLXI_115_XLXI_152_Mcount_Cnt_cy_19_rt> in unit <VGAtxt48x20>.
    Set user-defined property "INIT =  2" for instance <XLXI_115_XLXI_152_Mcount_Cnt_cy_18_rt> in unit <VGAtxt48x20>.
    Set user-defined property "INIT =  2" for instance <XLXI_115_XLXI_152_Mcount_Cnt_cy_17_rt> in unit <VGAtxt48x20>.
    Set user-defined property "INIT =  2" for instance <XLXI_115_XLXI_152_Mcount_Cnt_cy_16_rt> in unit <VGAtxt48x20>.
    Set user-defined property "INIT =  2" for instance <XLXI_115_XLXI_152_Mcount_Cnt_cy_15_rt> in unit <VGAtxt48x20>.
    Set user-defined property "INIT =  2" for instance <XLXI_115_XLXI_152_Mcount_Cnt_cy_14_rt> in unit <VGAtxt48x20>.
    Set user-defined property "INIT =  2" for instance <XLXI_115_XLXI_152_Mcount_Cnt_cy_13_rt> in unit <VGAtxt48x20>.
    Set user-defined property "INIT =  2" for instance <XLXI_115_XLXI_152_Mcount_Cnt_cy_12_rt> in unit <VGAtxt48x20>.
    Set user-defined property "INIT =  2" for instance <XLXI_115_XLXI_152_Mcount_Cnt_cy_11_rt> in unit <VGAtxt48x20>.
    Set user-defined property "INIT =  2" for instance <XLXI_115_XLXI_152_Mcount_Cnt_cy_10_rt> in unit <VGAtxt48x20>.
    Set user-defined property "INIT =  2" for instance <XLXI_115_XLXI_152_Mcount_Cnt_cy_9_rt> in unit <VGAtxt48x20>.
    Set user-defined property "INIT =  2" for instance <XLXI_115_XLXI_152_Mcount_Cnt_cy_8_rt> in unit <VGAtxt48x20>.
    Set user-defined property "INIT =  2" for instance <XLXI_115_XLXI_152_Mcount_Cnt_cy_7_rt> in unit <VGAtxt48x20>.
    Set user-defined property "INIT =  2" for instance <XLXI_115_XLXI_152_Mcount_Cnt_cy_6_rt> in unit <VGAtxt48x20>.
    Set user-defined property "INIT =  2" for instance <XLXI_115_XLXI_152_Mcount_Cnt_cy_5_rt> in unit <VGAtxt48x20>.
    Set user-defined property "INIT =  2" for instance <XLXI_115_XLXI_152_Mcount_Cnt_cy_4_rt> in unit <VGAtxt48x20>.
    Set user-defined property "INIT =  2" for instance <XLXI_115_XLXI_152_Mcount_Cnt_cy_3_rt> in unit <VGAtxt48x20>.
    Set user-defined property "INIT =  2" for instance <XLXI_115_XLXI_152_Mcount_Cnt_cy_2_rt> in unit <VGAtxt48x20>.
    Set user-defined property "INIT =  2" for instance <XLXI_115_XLXI_152_Mcount_Cnt_cy_1_rt> in unit <VGAtxt48x20>.
    Set user-defined property "INIT =  2" for instance <I_ModeCtrl_Mcount_cntY_xor_9_rt> in unit <VGAtxt48x20>.
    Set user-defined property "INIT =  2" for instance <I_ModeCtrl_Mcount_cntX_xor_10_rt> in unit <VGAtxt48x20>.
    Set user-defined property "INIT =  2" for instance <XLXI_115_XLXI_152_Mcount_Cnt_xor_24_rt> in unit <VGAtxt48x20>.
    Set user-defined property "INIT =  F69F" for instance <I_CursorCnt_LastLine52_SW1> in unit <VGAtxt48x20>.
    Set user-defined property "INIT =  9009" for instance <I_CursorCnt_LastLine555_SW0> in unit <VGAtxt48x20>.
    Set user-defined property "INIT =  6000" for instance <I_CursorCnt_LastLine555> in unit <VGAtxt48x20>.
    Set user-defined property "INIT =  FF80" for instance <I_ModeCtrl_VSync_mux000086> in unit <VGAtxt48x20>.
    Set user-defined property "INIT =  F7" for instance <I_ModeCtrl_HActive_mux000017> in unit <VGAtxt48x20>.
    Set user-defined property "INIT =  0C08" for instance <I_CursorCnt_LastLine580> in unit <VGAtxt48x20>.
    Set user-defined property "INIT =  FDFF" for instance <I_CursorCnt_LineCnt_mux0001_2_150_SW0> in unit <VGAtxt48x20>.
    Set user-defined property "INIT =  FF75" for instance <I_CursorCnt_LineCnt_mux0001_2_150> in unit <VGAtxt48x20>.
    Set user-defined property "INIT =  8000" for instance <XLXI_115_XLXI_155_StartY2> in unit <VGAtxt48x20>.
    Set user-defined property "INIT =  80" for instance <XLXI_115_XLXI_155_DetectY_and00001> in unit <VGAtxt48x20>.
    Set user-defined property "INIT =  4000" for instance <I_ModeCtrl_HSync_mux000024> in unit <VGAtxt48x20>.
    Set user-defined property "INIT =  8000" for instance <I_CursorCnt_LineCnt_mux0001_4_SW0> in unit <VGAtxt48x20>.
    Set user-defined property "INIT =  6AAA" for instance <XLXI_115_XLXI_155_Result_3_2> in unit <VGAtxt48x20>.
    Set user-defined property "INIT =  FB00" for instance <XLXI_115_XLXI_155_ActiveX_and0000> in unit <VGAtxt48x20>.
    Set user-defined property "INIT =  FEFF" for instance <XLXI_115_XLXI_155_StartY123_SW0> in unit <VGAtxt48x20>.
    Set user-defined property "INIT =  0080" for instance <XLXI_115_XLXI_155_StartY123> in unit <VGAtxt48x20>.
    Set user-defined property "INIT =  BFAE" for instance <I_CursorCnt_ColCnt_or0000> in unit <VGAtxt48x20>.
    Set user-defined property "INIT =  DDDF" for instance <I_CursorCnt_NextState_0_mux000031_SW0> in unit <VGAtxt48x20>.
    Set user-defined property "INIT =  00CE" for instance <I_CursorCnt_NextState_0_mux000031> in unit <VGAtxt48x20>.
    Set user-defined property "INIT =  0E04" for instance <XLXI_115_XLXI_155_iPixOut56_F> in unit <VGAtxt48x20>.
    Set user-defined property "INIT =  0E04" for instance <XLXI_115_XLXI_155_iPixOut56_G> in unit <VGAtxt48x20>.
    Set user-defined property "INIT =  000" for instance <XLXI_147_Mrom_DO_rom0000> in unit <VGAtxt48x20>.
    Set user-defined property "INITP_00 =  0000000000000000000000000000000000000000000000000000000000000000" for instance <XLXI_147_Mrom_DO_rom0000> in unit <VGAtxt48x20>.
    Set user-defined property "INITP_01 =  0000000000000000000000000000000000000000000000000000000000000000" for instance <XLXI_147_Mrom_DO_rom0000> in unit <VGAtxt48x20>.
    Set user-defined property "INITP_02 =  0000000000000000000000000000000000000000000000000000000000000000" for instance <XLXI_147_Mrom_DO_rom0000> in unit <VGAtxt48x20>.
    Set user-defined property "INITP_03 =  0000000000000000000000000000000000000000000000000000000000000000" for instance <XLXI_147_Mrom_DO_rom0000> in unit <VGAtxt48x20>.
    Set user-defined property "INITP_04 =  0000000000000000000000000000000000000000000000000000000000000000" for instance <XLXI_147_Mrom_DO_rom0000> in unit <VGAtxt48x20>.
    Set user-defined property "INITP_05 =  0000000000000000000000000000000000000000000000000000000000000000" for instance <XLXI_147_Mrom_DO_rom0000> in unit <VGAtxt48x20>.
    Set user-defined property "INITP_06 =  0000000000000000000000000000000000000000000000000000000000000000" for instance <XLXI_147_Mrom_DO_rom0000> in unit <VGAtxt48x20>.
    Set user-defined property "INITP_07 =  0000000000000000000000000000000000000000000000000000000000000000" for instance <XLXI_147_Mrom_DO_rom0000> in unit <VGAtxt48x20>.
    Set user-defined property "INIT_00 =  0808080808080808080F00000000000000000000000000000000000000000000" for instance <XLXI_147_Mrom_DO_rom0000> in unit <VGAtxt48x20>.
    Set user-defined property "INIT_01 =  080808080808080808F8000000000000000000000000000000FF000000000000" for instance <XLXI_147_Mrom_DO_rom0000> in unit <VGAtxt48x20>.
    Set user-defined property "INIT_02 =  000000000000000000F80808080808080000000000000000000F080808080808" for instance <XLXI_147_Mrom_DO_rom0000> in unit <VGAtxt48x20>.
    Set user-defined property "INIT_03 =  0808080808080808080F08080808080808080808080808080808080808080808" for instance <XLXI_147_Mrom_DO_rom0000> in unit <VGAtxt48x20>.
    Set user-defined property "INIT_04 =  080808080808080808FF000000000000080808080808080808F8080808080808" for instance <XLXI_147_Mrom_DO_rom0000> in unit <VGAtxt48x20>.
    Set user-defined property "INIT_05 =  080808080808080808FF080808080808000000000000000000FF080808080808" for instance <XLXI_147_Mrom_DO_rom0000> in unit <VGAtxt48x20>.
    Set user-defined property "INIT_06 =  FFFFFFFFFFFFFFFF00000000000000000000000000000000FFFFFFFFFFFFFFFF" for instance <XLXI_147_Mrom_DO_rom0000> in unit <VGAtxt48x20>.
    Set user-defined property "INIT_07 =  0F0F0F0F0F0F0F0F0F0F0F0F0F0F0F0FF8F8F8F8F8F8F8F8F8F8F8F8F8F8F8F8" for instance <XLXI_147_Mrom_DO_rom0000> in unit <VGAtxt48x20>.
    Set user-defined property "INIT_08 =  00000000003C00201008040810200000FFFFFFFFFFFFFFFFFFFFFFFFFFFFFFFF" for instance <XLXI_147_Mrom_DO_rom0000> in unit <VGAtxt48x20>.
    Set user-defined property "INIT_09 =  0000004040203C52524A4A3C0402020000000000003C00040810201008040000" for instance <XLXI_147_Mrom_DO_rom0000> in unit <VGAtxt48x20>.
    Set user-defined property "INIT_0A =  0000000000003E0008083E080800000000000000000000000000182424180000" for instance <XLXI_147_Mrom_DO_rom0000> in unit <VGAtxt48x20>.
    Set user-defined property "INIT_0B =  000000000000482412091224480000000000000000000808003E000808000000" for instance <XLXI_147_Mrom_DO_rom0000> in unit <VGAtxt48x20>.
    Set user-defined property "INIT_0C =  000000000000004C32004C320000000000000000000009122448241209000000" for instance <XLXI_147_Mrom_DO_rom0000> in unit <VGAtxt48x20>.
    Set user-defined property "INIT_0D =  000000000022222222221C000000000000000000001C22222222220000000000" for instance <XLXI_147_Mrom_DO_rom0000> in unit <VGAtxt48x20>.
    Set user-defined property "INIT_0E =  0000000000000010207E2010000000000000000000000008047E040800000000" for instance <XLXI_147_Mrom_DO_rom0000> in unit <VGAtxt48x20>.
    Set user-defined property "INIT_0F =  0000000000081C2A080808080808000000000000000808080808082A1C080000" for instance <XLXI_147_Mrom_DO_rom0000> in unit <VGAtxt48x20>.
    Set user-defined property "INIT_10 =  0000000000080800080808080808000000000000000000000000000000000000" for instance <XLXI_147_Mrom_DO_rom0000> in unit <VGAtxt48x20>.
    Set user-defined property "INIT_11 =  000000000014147F14147F141400000000000000000000000000002424240000" for instance <XLXI_147_Mrom_DO_rom0000> in unit <VGAtxt48x20>.
    Set user-defined property "INIT_12 =  000000000002452512082452512000000000000008083E49093E48493E080800" for instance <XLXI_147_Mrom_DO_rom0000> in unit <VGAtxt48x20>.
    Set user-defined property "INIT_13 =  0000000000000000000000080808000000000000003D42454838444438000000" for instance <XLXI_147_Mrom_DO_rom0000> in unit <VGAtxt48x20>.
    Set user-defined property "INIT_14 =  0000000010080804040404040808100000000000040808101010101008080400" for instance <XLXI_147_Mrom_DO_rom0000> in unit <VGAtxt48x20>.
    Set user-defined property "INIT_15 =  0000000000000008083E0808000000000000000000000024187E182400000000" for instance <XLXI_147_Mrom_DO_rom0000> in unit <VGAtxt48x20>.
    Set user-defined property "INIT_16 =  0000000000000000003E00000000000000000010081818000000000000000000" for instance <XLXI_147_Mrom_DO_rom0000> in unit <VGAtxt48x20>.
    Set user-defined property "INIT_17 =  0000000020201010080804040202000000000000001818000000000000000000" for instance <XLXI_147_Mrom_DO_rom0000> in unit <VGAtxt48x20>.
    Set user-defined property "INIT_18 =  00000000003E0808080808083808000000000000003C4262725A4E46423C0000" for instance <XLXI_147_Mrom_DO_rom0000> in unit <VGAtxt48x20>.
    Set user-defined property "INIT_19 =  00000000003C4202021C0202423C000000000000007E4040403C0202423C0000" for instance <XLXI_147_Mrom_DO_rom0000> in unit <VGAtxt48x20>.
    Set user-defined property "INIT_1A =  00000000003C420202027C40407E000000000000000404047E4424140C040000" for instance <XLXI_147_Mrom_DO_rom0000> in unit <VGAtxt48x20>.
    Set user-defined property "INIT_1B =  000000000010101008080404427E000000000000003C424242427C40403C0000" for instance <XLXI_147_Mrom_DO_rom0000> in unit <VGAtxt48x20>.
    Set user-defined property "INIT_1C =  00000000003C02023E424242423C000000000000003C4242423C4242423C0000" for instance <XLXI_147_Mrom_DO_rom0000> in unit <VGAtxt48x20>.
    Set user-defined property "INIT_1D =  0000001008181800001818000000000000000000001818000018180000000000" for instance <XLXI_147_Mrom_DO_rom0000> in unit <VGAtxt48x20>.
    Set user-defined property "INIT_1E =  00000000000000003E003E000000000000000000000004081020100804000000" for instance <XLXI_147_Mrom_DO_rom0000> in unit <VGAtxt48x20>.
    Set user-defined property "INIT_1F =  000000000008080008080402221C000000000000000020100804081020000000" for instance <XLXI_147_Mrom_DO_rom0000> in unit <VGAtxt48x20>.
    Set user-defined property "INIT_20 =  00000000004242427E424242423C000000000000001F204A555549221C000000" for instance <XLXI_147_Mrom_DO_rom0000> in unit <VGAtxt48x20>.
    Set user-defined property "INIT_21 =  00000000001E214040404040211E000000000000007C4242427C4242427C0000" for instance <XLXI_147_Mrom_DO_rom0000> in unit <VGAtxt48x20>.
    Set user-defined property "INIT_22 =  00000000007E4040407C4040407E000000000000007C424141414141427C0000" for instance <XLXI_147_Mrom_DO_rom0000> in unit <VGAtxt48x20>.
    Set user-defined property "INIT_23 =  00000000001E214147404040211E00000000000000404040407C4040407E0000" for instance <XLXI_147_Mrom_DO_rom0000> in unit <VGAtxt48x20>.
    Set user-defined property "INIT_24 =  00000000003E080808080808083E00000000000000414141417F414141410000" for instance <XLXI_147_Mrom_DO_rom0000> in unit <VGAtxt48x20>.
    Set user-defined property "INIT_25 =  00000000004244485060504844420000000000000038440404040404041E0000" for instance <XLXI_147_Mrom_DO_rom0000> in unit <VGAtxt48x20>.
    Set user-defined property "INIT_26 =  0000000000414141414149556341000000000000007E40404040404040400000" for instance <XLXI_147_Mrom_DO_rom0000> in unit <VGAtxt48x20>.
    Set user-defined property "INIT_27 =  00000000001C224141414141221C000000000000004141414345495161410000" for instance <XLXI_147_Mrom_DO_rom0000> in unit <VGAtxt48x20>.
    Set user-defined property "INIT_28 =  00000003041C224141414141221C00000000000000404040407C4242427C0000" for instance <XLXI_147_Mrom_DO_rom0000> in unit <VGAtxt48x20>.
    Set user-defined property "INIT_29 =  00000000003E4101013E4040413E00000000000000424448507C4242427C0000" for instance <XLXI_147_Mrom_DO_rom0000> in unit <VGAtxt48x20>.
    Set user-defined property "INIT_2A =  00000000003E41414141414141410000000000000008080808080808087F0000" for instance <XLXI_147_Mrom_DO_rom0000> in unit <VGAtxt48x20>.
    Set user-defined property "INIT_2B =  0000000000364949494941414141000000000000000814224141414141410000" for instance <XLXI_147_Mrom_DO_rom0000> in unit <VGAtxt48x20>.
    Set user-defined property "INIT_2C =  0000000000080808080814224141000000000000004141221408142241410000" for instance <XLXI_147_Mrom_DO_rom0000> in unit <VGAtxt48x20>.
    Set user-defined property "INIT_2D =  000000001C1010101010101010101C0000000000007F402010080402017F0000" for instance <XLXI_147_Mrom_DO_rom0000> in unit <VGAtxt48x20>.
    Set user-defined property "INIT_2E =  000000001C0404040404040404041C0000000000020204040808101020200000" for instance <XLXI_147_Mrom_DO_rom0000> in unit <VGAtxt48x20>.
    Set user-defined property "INIT_2F =  000000007E000000000000000000000000000000000000000000002214080000" for instance <XLXI_147_Mrom_DO_rom0000> in unit <VGAtxt48x20>.
    Set user-defined property "INIT_30 =  00000000003E42423E023C000000000000000000000000000000000408100000" for instance <XLXI_147_Mrom_DO_rom0000> in unit <VGAtxt48x20>.
    Set user-defined property "INIT_31 =  00000000003C424040423C000000000000000000007C424242427C4040400000" for instance <XLXI_147_Mrom_DO_rom0000> in unit <VGAtxt48x20>.
    Set user-defined property "INIT_32 =  00000000003C42407E423C000000000000000000003E424242423E0202020000" for instance <XLXI_147_Mrom_DO_rom0000> in unit <VGAtxt48x20>.
    Set user-defined property "INIT_33 =  00003C02023E424242423E0000000000000000000010101010103C10100E0000" for instance <XLXI_147_Mrom_DO_rom0000> in unit <VGAtxt48x20>.
    Set user-defined property "INIT_34 =  00000000003E08080808380008080000000000000042424242427C4040400000" for instance <XLXI_147_Mrom_DO_rom0000> in unit <VGAtxt48x20>.
    Set user-defined property "INIT_35 =  00000000004244487048444040400000000038040404040404041C0004040000" for instance <XLXI_147_Mrom_DO_rom0000> in unit <VGAtxt48x20>.
    Set user-defined property "INIT_36 =  0000000000494949494976000000000000000000000C10101010101010100000" for instance <XLXI_147_Mrom_DO_rom0000> in unit <VGAtxt48x20>.
    Set user-defined property "INIT_37 =  00000000003C424242423C0000000000000000000042424242427C0000000000" for instance <XLXI_147_Mrom_DO_rom0000> in unit <VGAtxt48x20>.
    Set user-defined property "INIT_38 =  00000202023E424242423E000000000000004040407C424242427C0000000000" for instance <XLXI_147_Mrom_DO_rom0000> in unit <VGAtxt48x20>.
    Set user-defined property "INIT_39 =  00000000003C420C30423C0000000000000000000040404040403C0000000000" for instance <XLXI_147_Mrom_DO_rom0000> in unit <VGAtxt48x20>.
    Set user-defined property "INIT_3A =  00000000003E4242424242000000000000000000000C10101010103C10100000" for instance <XLXI_147_Mrom_DO_rom0000> in unit <VGAtxt48x20>.
    Set user-defined property "INIT_3B =  0000000000364949494141000000000000000000000814222222220000000000" for instance <XLXI_147_Mrom_DO_rom0000> in unit <VGAtxt48x20>.
    Set user-defined property "INIT_3C =  00003C02023E4242424242000000000000000000004224181824420000000000" for instance <XLXI_147_Mrom_DO_rom0000> in unit <VGAtxt48x20>.
    Set user-defined property "INIT_3D =  0000000006080808083008080808060000000000007E201008047E0000000000" for instance <XLXI_147_Mrom_DO_rom0000> in unit <VGAtxt48x20>.
    Set user-defined property "INIT_3E =  0000000030080808080608080808300000000000000808080808080808080000" for instance <XLXI_147_Mrom_DO_rom0000> in unit <VGAtxt48x20>.
    Set user-defined property "INIT_3F =  00000000007E424242424242427E00000000000000000000004C320000000000" for instance <XLXI_147_Mrom_DO_rom0000> in unit <VGAtxt48x20>.
    Set user-defined property "SRVAL =  000" for instance <XLXI_147_Mrom_DO_rom0000> in unit <VGAtxt48x20>.
    Set user-defined property "WRITE_MODE =  WRITE_FIRST" for instance <XLXI_147_Mrom_DO_rom0000> in unit <VGAtxt48x20>.
    Set user-defined property "INITP_00 =  0000000000000000000000000000000000000000000000000000000000000000" for instance <XLXI_3> in unit <VGAtxt48x20>.
    Set user-defined property "INITP_01 =  0000000000000000000000000000000000000000000000000000000000000000" for instance <XLXI_3> in unit <VGAtxt48x20>.
    Set user-defined property "INITP_02 =  0000000000000000000000000000000000000000000000000000000000000000" for instance <XLXI_3> in unit <VGAtxt48x20>.
    Set user-defined property "INITP_03 =  0000000000000000000000000000000000000000000000000000000000000000" for instance <XLXI_3> in unit <VGAtxt48x20>.
    Set user-defined property "INITP_04 =  0000000000000000000000000000000000000000000000000000000000000000" for instance <XLXI_3> in unit <VGAtxt48x20>.
    Set user-defined property "INITP_05 =  0000000000000000000000000000000000000000000000000000000000000000" for instance <XLXI_3> in unit <VGAtxt48x20>.
    Set user-defined property "INITP_06 =  0000000000000000000000000000000000000000000000000000000000000000" for instance <XLXI_3> in unit <VGAtxt48x20>.
    Set user-defined property "INITP_07 =  0000000000000000000000000000000000000000000000000000000000000000" for instance <XLXI_3> in unit <VGAtxt48x20>.
    Set user-defined property "INIT_00 =  0000000000000000000000000000000000000000000000000000000000000000" for instance <XLXI_3> in unit <VGAtxt48x20>.
    Set user-defined property "INIT_01 =  0000000000000000000000000000000000000000000000000000000000000000" for instance <XLXI_3> in unit <VGAtxt48x20>.
    Set user-defined property "INIT_02 =  0000000000000000000000000000000000000000000000000000000000000000" for instance <XLXI_3> in unit <VGAtxt48x20>.
    Set user-defined property "INIT_03 =  0000000000000000000000000000000000000000000000000000000000000000" for instance <XLXI_3> in unit <VGAtxt48x20>.
    Set user-defined property "INIT_04 =  0000000000000000000000000000000000000000000000000000000000000000" for instance <XLXI_3> in unit <VGAtxt48x20>.
    Set user-defined property "INIT_05 =  0000000000000000000000000000000000000000000000000000000000000000" for instance <XLXI_3> in unit <VGAtxt48x20>.
    Set user-defined property "INIT_06 =  0000000000000000000000000000000000000000000000000000000000000000" for instance <XLXI_3> in unit <VGAtxt48x20>.
    Set user-defined property "INIT_07 =  0000000000000000000000000000000000000000000000000000000000000000" for instance <XLXI_3> in unit <VGAtxt48x20>.
    Set user-defined property "INIT_08 =  0000000000000000000000000000000000000000000000000000000000000000" for instance <XLXI_3> in unit <VGAtxt48x20>.
    Set user-defined property "INIT_09 =  0000000000000000000000000000000000000000000000000000000000000000" for instance <XLXI_3> in unit <VGAtxt48x20>.
    Set user-defined property "INIT_0A =  0000000000000000000000000000000000000000000000000000000000000000" for instance <XLXI_3> in unit <VGAtxt48x20>.
    Set user-defined property "INIT_0B =  0000000000000000000000000000000000000000000000000000000000000000" for instance <XLXI_3> in unit <VGAtxt48x20>.
    Set user-defined property "INIT_0C =  0000000000000000000000000000000000000000000000000000000000000000" for instance <XLXI_3> in unit <VGAtxt48x20>.
    Set user-defined property "INIT_0D =  0000000000000000000000000000000000000000000000000000000000000000" for instance <XLXI_3> in unit <VGAtxt48x20>.
    Set user-defined property "INIT_0E =  0000000000000000000000000000000000000000000000000000000000000000" for instance <XLXI_3> in unit <VGAtxt48x20>.
    Set user-defined property "INIT_0F =  0000000000000000000000000000000000000000000000000000000000000000" for instance <XLXI_3> in unit <VGAtxt48x20>.
    Set user-defined property "INIT_10 =  0000000000000000000000000000000000000000000000000000000000000000" for instance <XLXI_3> in unit <VGAtxt48x20>.
    Set user-defined property "INIT_11 =  0000000000000000000000000000000000000000000000000000000000000000" for instance <XLXI_3> in unit <VGAtxt48x20>.
    Set user-defined property "INIT_12 =  0000000000000000000000000000000000000000000000000000000000000000" for instance <XLXI_3> in unit <VGAtxt48x20>.
    Set user-defined property "INIT_13 =  0000000000000000000000000000000000000000000000000000000000000000" for instance <XLXI_3> in unit <VGAtxt48x20>.
    Set user-defined property "INIT_14 =  0000000000000000000000000000000000000000000000000000000000000000" for instance <XLXI_3> in unit <VGAtxt48x20>.
    Set user-defined property "INIT_15 =  0000000000000000000000000000000000000000000000000000000000000000" for instance <XLXI_3> in unit <VGAtxt48x20>.
    Set user-defined property "INIT_16 =  0000000000000000000000000000000000000000000000000000000000000000" for instance <XLXI_3> in unit <VGAtxt48x20>.
    Set user-defined property "INIT_17 =  0000000000000000000000000000000000000000000000000000000000000000" for instance <XLXI_3> in unit <VGAtxt48x20>.
    Set user-defined property "INIT_18 =  0000000000000000000000000000000000000000000000000000000000000000" for instance <XLXI_3> in unit <VGAtxt48x20>.
    Set user-defined property "INIT_19 =  0000000000000000000000000000000000000000000000000000000000000000" for instance <XLXI_3> in unit <VGAtxt48x20>.
    Set user-defined property "INIT_1A =  0000000000000000000000000000000000000000000000000000000000000000" for instance <XLXI_3> in unit <VGAtxt48x20>.
    Set user-defined property "INIT_1B =  0000000000000000000000000000000000000000000000000000000000000000" for instance <XLXI_3> in unit <VGAtxt48x20>.
    Set user-defined property "INIT_1C =  0000000000000000000000000000000000000000000000000000000000000000" for instance <XLXI_3> in unit <VGAtxt48x20>.
    Set user-defined property "INIT_1D =  0000000000000000000000000000000000000000000000000000000000000000" for instance <XLXI_3> in unit <VGAtxt48x20>.
    Set user-defined property "INIT_1E =  0000000000000000000000000000000000000000000000000000000000000000" for instance <XLXI_3> in unit <VGAtxt48x20>.
    Set user-defined property "INIT_1F =  0000000000000000000000000000000000000000000000000000000000000000" for instance <XLXI_3> in unit <VGAtxt48x20>.
    Set user-defined property "INIT_20 =  0000000000000000000000000000000000000000000000000000000000000000" for instance <XLXI_3> in unit <VGAtxt48x20>.
    Set user-defined property "INIT_21 =  0000000000000000000000000000000000000000000000000000000000000000" for instance <XLXI_3> in unit <VGAtxt48x20>.
    Set user-defined property "INIT_22 =  0000000000000000000000000000000000000000000000000000000000000000" for instance <XLXI_3> in unit <VGAtxt48x20>.
    Set user-defined property "INIT_23 =  0000000000000000000000000000000000000000000000000000000000000000" for instance <XLXI_3> in unit <VGAtxt48x20>.
    Set user-defined property "INIT_24 =  0000000000000000000000000000000000000000000000000000000000000000" for instance <XLXI_3> in unit <VGAtxt48x20>.
    Set user-defined property "INIT_25 =  0000000000000000000000000000000000000000000000000000000000000000" for instance <XLXI_3> in unit <VGAtxt48x20>.
    Set user-defined property "INIT_26 =  0000000000000000000000000000000000000000000000000000000000000000" for instance <XLXI_3> in unit <VGAtxt48x20>.
    Set user-defined property "INIT_27 =  0000000000000000000000000000000000000000000000000000000000000000" for instance <XLXI_3> in unit <VGAtxt48x20>.
    Set user-defined property "INIT_28 =  0000000000000000000000000000000000000000000000000000000000000000" for instance <XLXI_3> in unit <VGAtxt48x20>.
    Set user-defined property "INIT_29 =  0000000000000000000000000000000000000000000000000000000000000000" for instance <XLXI_3> in unit <VGAtxt48x20>.
    Set user-defined property "INIT_2A =  0000000000000000000000000000000000000000000000000000000000000000" for instance <XLXI_3> in unit <VGAtxt48x20>.
    Set user-defined property "INIT_2B =  0000000000000000000000000000000000000000000000000000000000000000" for instance <XLXI_3> in unit <VGAtxt48x20>.
    Set user-defined property "INIT_2C =  0000000000000000000000000000000000000000000000000000000000000000" for instance <XLXI_3> in unit <VGAtxt48x20>.
    Set user-defined property "INIT_2D =  0000000000000000000000000000000000000000000000000000000000000000" for instance <XLXI_3> in unit <VGAtxt48x20>.
    Set user-defined property "INIT_2E =  0000000000000000000000000000000000000000000000000000000000000000" for instance <XLXI_3> in unit <VGAtxt48x20>.
    Set user-defined property "INIT_2F =  3730303200534A00000000000000000000000000000000000000000000000000" for instance <XLXI_3> in unit <VGAtxt48x20>.
    Set user-defined property "INIT_30 =  0000000000000000000000000000000000000000000000000000000000000000" for instance <XLXI_3> in unit <VGAtxt48x20>.
    Set user-defined property "INIT_31 =  0000000000000000000000000000000000000000000000000000000000000000" for instance <XLXI_3> in unit <VGAtxt48x20>.
    Set user-defined property "INIT_32 =  0000000000000000000000000000000000000000000000000000000000000000" for instance <XLXI_3> in unit <VGAtxt48x20>.
    Set user-defined property "INIT_33 =  0000000000000000000000000000000000000000000000000000000000000000" for instance <XLXI_3> in unit <VGAtxt48x20>.
    Set user-defined property "INIT_34 =  0000000000000000000000000000000000000000000000000000000000000000" for instance <XLXI_3> in unit <VGAtxt48x20>.
    Set user-defined property "INIT_35 =  0000000000000000000000000000000000000000000000000000000000000000" for instance <XLXI_3> in unit <VGAtxt48x20>.
    Set user-defined property "INIT_36 =  0000000000000000000000000000000000000000000000000000000000000000" for instance <XLXI_3> in unit <VGAtxt48x20>.
    Set user-defined property "INIT_37 =  0000000000000000000000000000000000000000000000000000000000000000" for instance <XLXI_3> in unit <VGAtxt48x20>.
    Set user-defined property "INIT_38 =  0000000000000000000000000000000000000000000000000000000000000000" for instance <XLXI_3> in unit <VGAtxt48x20>.
    Set user-defined property "INIT_39 =  0000000000000000000000000000000000000000000000000000000000000000" for instance <XLXI_3> in unit <VGAtxt48x20>.
    Set user-defined property "INIT_3A =  0000000000000000000000000000000000000000000000000000000000000000" for instance <XLXI_3> in unit <VGAtxt48x20>.
    Set user-defined property "INIT_3B =  0000000000000000000000000000000000000000000000000000000000000000" for instance <XLXI_3> in unit <VGAtxt48x20>.
    Set user-defined property "INIT_3C =  0000000000000000000000000000000000000000000000000000000000000000" for instance <XLXI_3> in unit <VGAtxt48x20>.
    Set user-defined property "INIT_3D =  0000000000000000000000000000000000000000000000000000000000000000" for instance <XLXI_3> in unit <VGAtxt48x20>.
    Set user-defined property "INIT_3E =  0000000000000000000000000000000000000000000000000000000000000000" for instance <XLXI_3> in unit <VGAtxt48x20>.
    Set user-defined property "INIT_3F =  0000000000000000000000000000000000000000000000000000000000000000" for instance <XLXI_3> in unit <VGAtxt48x20>.
    Set user-defined property "INIT_A =  000" for instance <XLXI_3> in unit <VGAtxt48x20>.
    Set user-defined property "INIT_B =  000" for instance <XLXI_3> in unit <VGAtxt48x20>.
    Set user-defined property "SIM_COLLISION_CHECK =  ALL" for instance <XLXI_3> in unit <VGAtxt48x20>.
    Set user-defined property "SRVAL_A =  000" for instance <XLXI_3> in unit <VGAtxt48x20>.
    Set user-defined property "SRVAL_B =  000" for instance <XLXI_3> in unit <VGAtxt48x20>.
    Set user-defined property "WRITE_MODE_A =  WRITE_FIRST" for instance <XLXI_3> in unit <VGAtxt48x20>.
    Set user-defined property "WRITE_MODE_B =  WRITE_FIRST" for instance <XLXI_3> in unit <VGAtxt48x20>.
    Set user-defined property "INIT =  FF02" for instance <I_CursorCnt_RAM_WE_Out1> in unit <VGAtxt48x20>.
    Set user-defined property "INIT =  7FFF" for instance <I_ModeCtrl_Result_4_31> in unit <VGAtxt48x20>.
    Set user-defined property "INIT =  8000" for instance <I_ModeCtrl_Result_4_32> in unit <VGAtxt48x20>.
    Set user-defined property "INIT =  7FFF" for instance <I_ModeCtrl_Result_4_1> in unit <VGAtxt48x20>.
    Set user-defined property "INIT =  8000" for instance <I_ModeCtrl_Result_4_2> in unit <VGAtxt48x20>.
    Set user-defined property "INIT =  7FFF" for instance <I_CursorCnt_Result_4_11> in unit <VGAtxt48x20>.
    Set user-defined property "INIT =  8000" for instance <I_CursorCnt_Result_4_12> in unit <VGAtxt48x20>.
    Set user-defined property "INIT =  FF7F" for instance <I_ModeCtrl_VActive_mux0000151> in unit <VGAtxt48x20>.
    Set user-defined property "INIT =  0002" for instance <I_ModeCtrl_VActive_mux0000531> in unit <VGAtxt48x20>.
    Set user-defined property "INIT =  4000" for instance <I_ModeCtrl_cntMod30_cmp_eq00001> in unit <VGAtxt48x20>.
    Set user-defined property "INIT =  D" for instance <I_CursorCnt_LineCnt_not000111> in unit <VGAtxt48x20>.
    Set user-defined property "INIT =  FF02" for instance <I_CursorCnt_LineCnt_not000112> in unit <VGAtxt48x20>.
    Set user-defined property "INIT =  7FFF" for instance <I_CursorCnt_Mcount_ColCnt_xor_4_11> in unit <VGAtxt48x20>.
    Set user-defined property "INIT =  8000" for instance <I_CursorCnt_Mcount_ColCnt_xor_4_12> in unit <VGAtxt48x20>.
    Set user-defined property "INIT =  D" for instance <I_ModeCtrl_iLineNo_cmp_eq00002_SW0> in unit <VGAtxt48x20>.
    Set user-defined property "INIT =  E" for instance <I_ModeCtrl_iLineNo_cmp_eq00001_SW0> in unit <VGAtxt48x20>.
    Set user-defined property "INIT =  4000" for instance <XLXI_115_XLXI_155_StartY121> in unit <VGAtxt48x20>.
    Set user-defined property "INIT =  FD" for instance <I_ModeCtrl_VSync_cmp_eq00001_SW0> in unit <VGAtxt48x20>.
    Set user-defined property "INIT =  4000" for instance <XLXI_115_XLXI_155_ActiveX_and0000117> in unit <VGAtxt48x20>.
    Set user-defined property "INIT =  8" for instance <XLXI_115_XLXI_155_ActiveX_and00001111> in unit <VGAtxt48x20>.
    Set user-defined property "INIT =  7FFF" for instance <I_CursorCnt_Mcount_ColCnt_xor_5_111> in unit <VGAtxt48x20>.
    Set user-defined property "INIT =  9000" for instance <I_CursorCnt_LastLine524> in unit <VGAtxt48x20>.
    Set user-defined property "INIT =  4" for instance <I_CursorCnt_LastLine549> in unit <VGAtxt48x20>.
    Set user-defined property "INIT =  7FFF" for instance <I_CursorCnt_LineCnt_mux0001_2_123> in unit <VGAtxt48x20>.
    Set user-defined property "INIT =  4812" for instance <I_CursorCnt_LastLine52_SW0> in unit <VGAtxt48x20>.
    Set user-defined property "INIT =  FAEA" for instance <I_CursorCnt_LineCnt_mux0001_2_179> in unit <VGAtxt48x20>.
    Set user-defined property "INIT =  0020" for instance <XLXI_115_XLXI_155_iPixOut11> in unit <VGAtxt48x20>.
    Set user-defined property "INIT =  40" for instance <I_CursorCnt_LastLine580_SW0> in unit <VGAtxt48x20>.
    Set user-defined property "INIT =  80FF" for instance <XLXI_115_XLXI_155_ActiveX_and0000_SW1> in unit <VGAtxt48x20>.
    Set user-defined property "INIT =  FAFE" for instance <I_CursorCnt_ColCnt_or0000_SW1> in unit <VGAtxt48x20>.
    Set user-defined property "INIT =  0000" for instance <XLXI_115_XLXI_150_Mshreg_O> in unit <VGAtxt48x20>.
    Set user-defined property "INIT =  0" for instance <XLXI_115_XLXI_150_O> in unit <VGAtxt48x20>.
    Set user-defined property "INIT =  0000" for instance <XLXI_115_XLXI_148_Mshreg_O> in unit <VGAtxt48x20>.
    Set user-defined property "INIT =  0" for instance <XLXI_115_XLXI_148_O> in unit <VGAtxt48x20>.
    Set user-defined property "INIT =  0000" for instance <XLXI_115_XLXI_149_Mshreg_O> in unit <VGAtxt48x20>.
    Set user-defined property "INIT =  0" for instance <XLXI_115_XLXI_149_O> in unit <VGAtxt48x20>.
Entity <VGAtxt48x20> analyzed. Unit <VGAtxt48x20> generated.


=========================================================================
*                           HDL Synthesis                               *
=========================================================================

Performing bidirectional port resolution...

Synthesizing Unit <VGAtxt48x20>.
    Related source file is "C:/Users/nogac/Desktop/studejszyn_sem6/UCiSW2/testy/Test_VGAscan/Test_VGAscan/VGAtxt48x20.vhd".
WARNING:Xst:646 - Signal <NLW_XLXI_3_DOPB_0_UNCONNECTED> is assigned but never used. This unconnected signal will be trimmed during the optimization process.
WARNING:Xst:646 - Signal <NLW_XLXI_3_DOPA_0_UNCONNECTED> is assigned but never used. This unconnected signal will be trimmed during the optimization process.
WARNING:Xst:646 - Signal <NLW_XLXI_3_DOB_7_UNCONNECTED> is assigned but never used. This unconnected signal will be trimmed during the optimization process.
WARNING:Xst:646 - Signal <NLW_XLXI_3_DOB_6_UNCONNECTED> is assigned but never used. This unconnected signal will be trimmed during the optimization process.
WARNING:Xst:646 - Signal <NLW_XLXI_3_DOB_5_UNCONNECTED> is assigned but never used. This unconnected signal will be trimmed during the optimization process.
WARNING:Xst:646 - Signal <NLW_XLXI_3_DOB_4_UNCONNECTED> is assigned but never used. This unconnected signal will be trimmed during the optimization process.
WARNING:Xst:646 - Signal <NLW_XLXI_3_DOB_3_UNCONNECTED> is assigned but never used. This unconnected signal will be trimmed during the optimization process.
WARNING:Xst:646 - Signal <NLW_XLXI_3_DOB_2_UNCONNECTED> is assigned but never used. This unconnected signal will be trimmed during the optimization process.
WARNING:Xst:646 - Signal <NLW_XLXI_3_DOB_1_UNCONNECTED> is assigned but never used. This unconnected signal will be trimmed during the optimization process.
WARNING:Xst:646 - Signal <NLW_XLXI_3_DOB_0_UNCONNECTED> is assigned but never used. This unconnected signal will be trimmed during the optimization process.
WARNING:Xst:646 - Signal <NLW_XLXI_3_DOA_7_UNCONNECTED> is assigned but never used. This unconnected signal will be trimmed during the optimization process.
WARNING:Xst:646 - Signal <NLW_XLXI_147_Mrom_DO_rom0000_DOP_0_UNCONNECTED> is assigned but never used. This unconnected signal will be trimmed during the optimization process.
Unit <VGAtxt48x20> synthesized.


Synthesizing Unit <typing_tutor>.
    Related source file is "C:/Users/nogac/Desktop/studejszyn_sem6/UCiSW2/typing_tutor/typing_tutor/typing_tutor.vhf".
Unit <typing_tutor> synthesized.


=========================================================================
HDL Synthesis Report

Found no macro
=========================================================================

=========================================================================
*                       Advanced HDL Synthesis                          *
=========================================================================

Reading core <SDC_FileReader/SDC_FileReader.ngc>.
Loading core <SDC_FileReader> for timing and area information for instance <XLXI_1>.

=========================================================================
Advanced HDL Synthesis Report

Macro Statistics
# Registers                                            : 98
 Flip-Flops                                            : 98

=========================================================================

=========================================================================
*                         Low Level Synthesis                           *
=========================================================================

Optimizing unit <typing_tutor> ...

Optimizing unit <VGAtxt48x20> ...

Mapping all equations...
Building and optimizing final netlist ...
Found area constraint ratio of 100 (+ 5) on block typing_tutor, actual ratio is 19.
INFO:Xst:2260 - The FF/Latch <XLXI_94/State_11> in Unit <XLXI_1> is equivalent to the following FF/Latch : <XLXI_94/State_11_1> 
INFO:Xst:2260 - The FF/Latch <XLXI_94/State_15> in Unit <XLXI_1> is equivalent to the following FF/Latch : <XLXI_94/State_15_1> 
INFO:Xst:2260 - The FF/Latch <XLXI_94/SpC_1> in Unit <XLXI_1> is equivalent to the following FF/Latch : <XLXI_94/SpC_1_1> 
INFO:Xst:2260 - The FF/Latch <XLXI_94/State_11> in Unit <XLXI_1> is equivalent to the following FF/Latch : <XLXI_94/State_11_1> 
INFO:Xst:2260 - The FF/Latch <XLXI_94/State_15> in Unit <XLXI_1> is equivalent to the following FF/Latch : <XLXI_94/State_15_1> 
INFO:Xst:2260 - The FF/Latch <XLXI_94/SpC_1> in Unit <XLXI_1> is equivalent to the following FF/Latch : <XLXI_94/SpC_1_1> 

Final Macro Processing ...

=========================================================================
Final Register Report

Macro Statistics
# Registers                                            : 98
 Flip-Flops                                            : 98

=========================================================================

=========================================================================
*                           Partition Report                            *
=========================================================================

Partition Implementation Status
-------------------------------

  No Partitions were found in this design.

-------------------------------

=========================================================================
*                            Final Report                               *
=========================================================================
Final Results
RTL Top Level Output File Name     : typing_tutor.ngr
Top Level Output File Name         : typing_tutor
Output Format                      : NGC
Optimization Goal                  : Speed
Keep Hierarchy                     : No

Design Statistics
# IOs                              : 19

Cell Usage :
# BELS                             : 2320
#      AND2                        : 1
#      AND2B1                      : 1
#      AND3                        : 4
#      AND3B1                      : 4
#      BUF                         : 7
#      GND                         : 2
#      INV                         : 54
#      LUT1                        : 124
#      LUT2                        : 213
#      LUT2_D                      : 9
#      LUT2_L                      : 25
#      LUT3                        : 279
#      LUT3_D                      : 9
#      LUT3_L                      : 13
#      LUT4                        : 714
#      LUT4_D                      : 66
#      LUT4_L                      : 91
#      MULT_AND                    : 10
#      MUXCY                       : 300
#      MUXF5                       : 78
#      MUXF5_L                     : 2
#      MUXF6                       : 15
#      OR2                         : 7
#      VCC                         : 2
#      XOR2                        : 1
#      XORCY                       : 289
# FlipFlops/Latches                : 558
#      FD                          : 102
#      FDE                         : 148
#      FDR                         : 35
#      FDRE                        : 133
#      FDRS                        : 4
#      FDRSE                       : 3
#      FDS                         : 130
#      FDSE                        : 3
# RAMS                             : 3
#      RAMB16_S9                   : 1
#      RAMB16_S9_S9                : 2
# Shift Registers                  : 3
#      SRL16                       : 3
# Clock Buffers                    : 1
#      BUFGP                       : 1
# IO Buffers                       : 18
#      IBUF                        : 7
#      OBUF                        : 11
=========================================================================

Device utilization summary:
---------------------------

Selected Device : 3s500efg320-4 

 Number of Slices:                      905  out of   4656    19%  
 Number of Slice Flip Flops:            558  out of   9312     5%  
 Number of 4 input LUTs:               1600  out of   9312    17%  
    Number used as logic:              1597
    Number used as Shift registers:       3
 Number of IOs:                          19
 Number of bonded IOBs:                  19  out of    232     8%  
 Number of BRAMs:                         3  out of     20    15%  
 Number of GCLKs:                         1  out of     24     4%  

---------------------------
Partition Resource Summary:
---------------------------

  No Partitions were found in this design.

---------------------------


=========================================================================
TIMING REPORT

NOTE: THESE TIMING NUMBERS ARE ONLY A SYNTHESIS ESTIMATE.
      FOR ACCURATE TIMING INFORMATION PLEASE REFER TO THE TRACE REPORT
      GENERATED AFTER PLACE-and-ROUTE.

Clock Information:
------------------
-----------------------------------+------------------------+-------+
Clock Signal                       | Clock buffer(FF name)  | Load  |
-----------------------------------+------------------------+-------+
Clk_50MHz                          | BUFGP                  | 564   |
-----------------------------------+------------------------+-------+

Asynchronous Control Signals Information:
----------------------------------------
No asynchronous control signals found in this design

Timing Summary:
---------------
Speed Grade: -4

   Minimum period: 12.186ns (Maximum Frequency: 82.061MHz)
   Minimum input arrival time before clock: 9.038ns
   Maximum output required time after clock: 10.292ns
   Maximum combinational path delay: No path found

Timing Detail:
--------------
All values displayed in nanoseconds (ns)

=========================================================================
Timing constraint: Default period analysis for Clock 'Clk_50MHz'
  Clock period: 12.186ns (frequency: 82.061MHz)
  Total number of paths / destination ports: 66292 / 1210
-------------------------------------------------------------------------
Delay:               12.186ns (Levels of Logic = 10)
  Source:            XLXI_1/XLXI_89/cntBytes_5 (FF)
  Destination:       XLXI_2/I_CursorCnt_LineCnt_1 (FF)
  Source Clock:      Clk_50MHz rising
  Destination Clock: Clk_50MHz rising

  Data Path: XLXI_1/XLXI_89/cntBytes_5 to XLXI_2/I_CursorCnt_LineCnt_1
                                Gate     Net
    Cell:in->out      fanout   Delay   Delay  Logical Name (Net Name)
    ----------------------------------------  ------------
     FDRE:C->Q             3   0.591   0.706  XLXI_89/cntBytes_5 (XLXI_89/cntBytes<5>)
     LUT2_L:I0->LO         1   0.704   0.104  XLXI_89/Full512_mux0000212 (XLXI_89/Full512_mux0000212)
     LUT4:I3->O            2   0.704   0.451  XLXI_89/Full512_mux0000217 (XLXI_89/Full512_mux0000217)
     LUT4_D:I3->O          5   0.704   0.712  XLXI_89/NextState_0_cmp_eq000011 (XLXI_89/N3)
     LUT3:I1->O            1   0.704   0.420  XLXI_89/iDO_Rdy1 (DO_Rdy)
     end scope: 'XLXI_1'
     AND2B1:I1->O         10   0.704   1.057  XLXI_9 (XLXN_7)
     LUT4:I0->O            1   0.704   0.455  XLXI_2/I_CursorCnt_LineCnt_mux0001_2_150_SW0 (XLXI_2/N46)
     LUT4:I2->O            1   0.704   0.455  XLXI_2/I_CursorCnt_LineCnt_mux0001_2_150 (XLXI_2/I_CursorCnt_LineCnt_mux0001_2_150_83)
     LUT4_D:I2->O          4   0.704   0.591  XLXI_2/I_CursorCnt_LineCnt_mux0001_2_179 (XLXI_2/I_CursorCnt_N6)
     LUT4:I3->O            1   0.704   0.000  XLXI_2/I_CursorCnt_LineCnt_mux0001_3_1 (XLXI_2/I_CursorCnt_LineCnt_mux0001<3>)
     FDE:D                     0.308          XLXI_2/I_CursorCnt_LineCnt_3
    ----------------------------------------
    Total                     12.186ns (7.235ns logic, 4.951ns route)
                                       (59.4% logic, 40.6% route)

=========================================================================
Timing constraint: Default OFFSET IN BEFORE for Clock 'Clk_50MHz'
  Total number of paths / destination ports: 37 / 31
-------------------------------------------------------------------------
Offset:              9.038ns (Levels of Logic = 9)
  Source:            SW_1 (PAD)
  Destination:       XLXI_1/XLXI_94/State_23 (FF)
  Destination Clock: Clk_50MHz rising

  Data Path: SW_1 to XLXI_1/XLXI_94/State_23
                                Gate     Net
    Cell:in->out      fanout   Delay   Delay  Logical Name (Net Name)
    ----------------------------------------  ------------
     IBUF:I->O             1   1.218   0.420  SW_1_IBUF (SW_1_IBUF)
     BUF:I->O              1   0.704   0.595  XLXI_44 (FName<1>)
     begin scope: 'XLXI_1'
     LUT4:I0->O            1   0.704   0.455  XLXI_94/NextState_and001032 (XLXI_94/NextState_and001032)
     LUT4:I2->O            2   0.704   0.482  XLXI_94/NextState_and0010179_SW0 (N428)
     LUT4_L:I2->LO         1   0.704   0.104  XLXI_94/State_mux0002<8>125_SW0_SW0_SW0_SW0 (N552)
     LUT4:I3->O            1   0.704   0.424  XLXI_94/State_mux0002<8>125_SW0_SW0_SW0 (N548)
     LUT4_L:I3->LO         1   0.704   0.104  XLXI_94/State_mux0002<8>125_SW0_SW0 (N400)
     LUT4:I3->O            1   0.704   0.000  XLXI_94/State_mux0002<8>1791 (XLXI_94/State_mux0002<8>179)
     FDS:D                     0.308          XLXI_94/State_23
    ----------------------------------------
    Total                      9.038ns (6.454ns logic, 2.584ns route)
                                       (71.4% logic, 28.6% route)

=========================================================================
Timing constraint: Default OFFSET OUT AFTER for Clock 'Clk_50MHz'
  Total number of paths / destination ports: 27 / 11
-------------------------------------------------------------------------
Offset:              10.292ns (Levels of Logic = 7)
  Source:            XLXI_1/XLXI_89/cntBytes_5 (FF)
  Destination:       LED_7 (PAD)
  Source Clock:      Clk_50MHz rising

  Data Path: XLXI_1/XLXI_89/cntBytes_5 to LED_7
                                Gate     Net
    Cell:in->out      fanout   Delay   Delay  Logical Name (Net Name)
    ----------------------------------------  ------------
     FDRE:C->Q             3   0.591   0.706  XLXI_89/cntBytes_5 (XLXI_89/cntBytes<5>)
     LUT2_L:I0->LO         1   0.704   0.104  XLXI_89/Full512_mux0000212 (XLXI_89/Full512_mux0000212)
     LUT4:I3->O            2   0.704   0.451  XLXI_89/Full512_mux0000217 (XLXI_89/Full512_mux0000217)
     LUT4_D:I3->O          5   0.704   0.808  XLXI_89/NextState_0_cmp_eq000011 (XLXI_89/N3)
     LUT2:I0->O            1   0.704   0.420  XLXI_89/NotEmpty1 (XLXN_647)
     OR2:I0->O             1   0.704   0.420  XLXI_92 (Busy)
     end scope: 'XLXI_1'
     OBUF:I->O                 3.272          LED_7_OBUF (LED_7)
    ----------------------------------------
    Total                     10.292ns (7.383ns logic, 2.909ns route)
                                       (71.7% logic, 28.3% route)

=========================================================================


Total REAL time to Xst completion: 9.00 secs
Total CPU time to Xst completion: 8.38 secs
 
--> 

Total memory usage is 4547040 kilobytes

Number of errors   :    0 (   0 filtered)
Number of warnings :   13 (   0 filtered)
Number of infos    :    6 (   0 filtered)

