EN typing_tutor NULL C:/Users/nogac/Desktop/studejszyn_sem6/UCiSW2/typing_tutor/typing_tutor/typing_tutor.vhf sub00/vhpl02 1647530123
AR typing_tutor behavioral C:/Users/nogac/Desktop/studejszyn_sem6/UCiSW2/typing_tutor/typing_tutor/typing_tutor.vhf sub00/vhpl03 1647530124
EN vgatxt48x20 NULL C:/Users/nogac/Desktop/studejszyn_sem6/UCiSW2/testy/Test_VGAscan/Test_VGAscan/VGAtxt48x20.vhd sub00/vhpl00 1647530121
AR vgatxt48x20 structure C:/Users/nogac/Desktop/studejszyn_sem6/UCiSW2/testy/Test_VGAscan/Test_VGAscan/VGAtxt48x20.vhd sub00/vhpl01 1647530122
