V3 40
FL C:/Users/nogac/Desktop/studejszyn_sem6/UCiSW2/testy/Test_VGAscan/Test_VGAscan/VGAtxt48x20.vhd 2021/04/19.21:04:32 P.20131013
EN work/VGAtxt48x20 1647530121 \
      FL C:/Users/nogac/Desktop/studejszyn_sem6/UCiSW2/testy/Test_VGAscan/Test_VGAscan/VGAtxt48x20.vhd \
      PB ieee/std_logic_1164 1381692176 LB UNISIM PH unisim/VCOMPONENTS 1381692182
AR work/VGAtxt48x20/STRUCTURE 1647530122 \
      FL C:/Users/nogac/Desktop/studejszyn_sem6/UCiSW2/testy/Test_VGAscan/Test_VGAscan/VGAtxt48x20.vhd \
      EN work/VGAtxt48x20 1647530121 CP FD CP LUT2 CP MUXCY CP XORCY CP LUT4 CP VCC \
      CP OR2 CP GND CP FDE CP FDRE CP FDR CP FDSE CP MUXF5 CP MUXF6 CP AND2 CP XOR2 \
      CP LUT3 CP LUT1 CP INV CP RAMB16_S9 CP RAMB16_S9_S9 CP LUT2_L CP LUT4_L CP LUT3_L \
      CP LUT4_D CP SRL16 CP MUXF5_L CP AND3B1 CP AND3
FL C:/Users/nogac/Desktop/studejszyn_sem6/UCiSW2/typing_tutor/typing_tutor/typing_tutor.vhf 2022/03/16.12:58:36 P.20131013
EN work/typing_tutor 1647530123 \
      FL C:/Users/nogac/Desktop/studejszyn_sem6/UCiSW2/typing_tutor/typing_tutor/typing_tutor.vhf \
      PB ieee/std_logic_1164 1381692176 PB ieee/NUMERIC_STD 1381692181 LB UNISIM \
      PH unisim/VCOMPONENTS 1381692182
AR work/typing_tutor/BEHAVIORAL 1647530124 \
      FL C:/Users/nogac/Desktop/studejszyn_sem6/UCiSW2/typing_tutor/typing_tutor/typing_tutor.vhf \
      EN work/typing_tutor 1647530123 CP SDC_FileReader CP VGAtxt48x20 CP BUF \
      CP AND2B1 CP VCC CP GND
