Release 14.7 - xst P.20131013 (nt64)
Copyright (c) 1995-2013 Xilinx, Inc.  All rights reserved.
--> Parameter TMPDIR set to xst/projnav.tmp


Total REAL time to Xst completion: 0.00 secs
Total CPU time to Xst completion: 0.09 secs
 
--> Parameter xsthdpdir set to xst


Total REAL time to Xst completion: 0.00 secs
Total CPU time to Xst completion: 0.09 secs
 
--> Reading design: Test_KbdVGA.prj

TABLE OF CONTENTS
  1) Synthesis Options Summary
  2) HDL Compilation
  3) Design Hierarchy Analysis
  4) HDL Analysis
  5) HDL Synthesis
     5.1) HDL Synthesis Report
  6) Advanced HDL Synthesis
     6.1) Advanced HDL Synthesis Report
  7) Low Level Synthesis
  8) Partition Report
  9) Final Report
	9.1) Device utilization summary
	9.2) Partition Resource Summary
	9.3) TIMING REPORT


=========================================================================
*                      Synthesis Options Summary                        *
=========================================================================
---- Source Parameters
Input File Name                    : "Test_KbdVGA.prj"
Input Format                       : mixed
Ignore Synthesis Constraint File   : NO

---- Target Parameters
Output File Name                   : "Test_KbdVGA"
Output Format                      : NGC
Target Device                      : xc3s500e-4-fg320

---- Source Options
Top Module Name                    : Test_KbdVGA
Automatic FSM Extraction           : YES
FSM Encoding Algorithm             : Auto
Safe Implementation                : No
FSM Style                          : LUT
RAM Extraction                     : Yes
RAM Style                          : Auto
ROM Extraction                     : Yes
Mux Style                          : Auto
Decoder Extraction                 : YES
Priority Encoder Extraction        : Yes
Shift Register Extraction          : YES
Logical Shifter Extraction         : YES
XOR Collapsing                     : YES
ROM Style                          : Auto
Mux Extraction                     : Yes
Resource Sharing                   : YES
Asynchronous To Synchronous        : NO
Multiplier Style                   : Auto
Automatic Register Balancing       : No

---- Target Options
Add IO Buffers                     : YES
Global Maximum Fanout              : 500
Add Generic Clock Buffer(BUFG)     : 24
Register Duplication               : YES
Slice Packing                      : YES
Optimize Instantiated Primitives   : NO
Use Clock Enable                   : Yes
Use Synchronous Set                : Yes
Use Synchronous Reset              : Yes
Pack IO Registers into IOBs        : Auto
Equivalent register Removal        : YES

---- General Options
Optimization Goal                  : Speed
Optimization Effort                : 1
Keep Hierarchy                     : No
Netlist Hierarchy                  : As_Optimized
RTL Output                         : Yes
Global Optimization                : AllClockNets
Read Cores                         : YES
Write Timing Constraints           : NO
Cross Clock Analysis               : NO
Hierarchy Separator                : /
Bus Delimiter                      : <>
Case Specifier                     : Maintain
Slice Utilization Ratio            : 100
BRAM Utilization Ratio             : 100
Verilog 2001                       : YES
Auto BRAM Packing                  : NO
Slice Utilization Ratio Delta      : 5

---- Other Options
Cores Search Directories           : {"../../Users/lab/Downloads/VGAtxt48x20" "../../Users/lab/Downloads/PS2_Kbd" "../../Users/lab/Downloads/RotaryEnc" "../../Users/lab/Downloads/SDC_FileReader"  }

=========================================================================


=========================================================================
*                          HDL Compilation                              *
=========================================================================
Compiling vhdl file "C:/Users/lab/Downloads/Test_KbdVGA/Test_KbdVGA/FSM_SendByte.vhd" in Library work.
Entity <fsm_sendbyte> compiled.
Entity <fsm_sendbyte> (Architecture <rtl>) compiled.
Compiling vhdl file "C:/ucisw2/typing_test/Test_KbdVGA.vhf" in Library work.
Architecture behavioral of Entity test_kbdvga is up to date.

=========================================================================
*                     Design Hierarchy Analysis                         *
=========================================================================
Analyzing hierarchy for entity <Test_KbdVGA> in library <work> (architecture <behavioral>).

Analyzing hierarchy for entity <FSM_SendByte> in library <work> (architecture <rtl>).


=========================================================================
*                            HDL Analysis                               *
=========================================================================
Analyzing Entity <Test_KbdVGA> in library <work> (Architecture <behavioral>).
WARNING:Xst:2211 - "C:/ucisw2/typing_test/Test_KbdVGA.vhf" line 126: Instantiating black box module <PS2_Kbd>.
WARNING:Xst:2211 - "C:/ucisw2/typing_test/Test_KbdVGA.vhf" line 136: Instantiating black box module <VGAtxt48x20>.
WARNING:Xst:753 - "C:/ucisw2/typing_test/Test_KbdVGA.vhf" line 164: Unconnected output port 'Busy' of component 'FSM_SendByte'.
WARNING:Xst:2211 - "C:/ucisw2/typing_test/Test_KbdVGA.vhf" line 180: Instantiating black box module <RotaryEnc>.
Entity <Test_KbdVGA> analyzed. Unit <Test_KbdVGA> generated.

Analyzing Entity <FSM_SendByte> in library <work> (Architecture <rtl>).
Entity <FSM_SendByte> analyzed. Unit <FSM_SendByte> generated.


=========================================================================
*                           HDL Synthesis                               *
=========================================================================

Performing bidirectional port resolution...

Synthesizing Unit <FSM_SendByte>.
    Related source file is "C:/Users/lab/Downloads/Test_KbdVGA/Test_KbdVGA/FSM_SendByte.vhd".
WARNING:Xst:646 - Signal <HalfByte> is assigned but never used. This unconnected signal will be trimmed during the optimization process.
    Found finite state machine <FSM_0> for signal <State>.
    -----------------------------------------------------------------------
    | States             | 6                                              |
    | Transitions        | 9                                              |
    | Inputs             | 2                                              |
    | Outputs            | 3                                              |
    | Clock              | Clk                       (rising_edge)        |
    | Reset              | Reset                     (positive)           |
    | Reset type         | asynchronous                                   |
    | Reset State        | sreset                                         |
    | Power Up State     | sreset                                         |
    | Encoding           | automatic                                      |
    | Implementation     | LUT                                            |
    -----------------------------------------------------------------------
    Found 8-bit register for signal <regDI>.
    Summary:
	inferred   1 Finite State Machine(s).
	inferred   8 D-type flip-flop(s).
Unit <FSM_SendByte> synthesized.


Synthesizing Unit <Test_KbdVGA>.
    Related source file is "C:/ucisw2/typing_test/Test_KbdVGA.vhf".
Unit <Test_KbdVGA> synthesized.


=========================================================================
HDL Synthesis Report

Macro Statistics
# Registers                                            : 1
 8-bit register                                        : 1

=========================================================================

=========================================================================
*                       Advanced HDL Synthesis                          *
=========================================================================

Analyzing FSM <FSM_0> for best encoding.
Optimizing FSM <XLXI_12/State/FSM> on signal <State[1:3]> with gray encoding.
--------------------
 State  | Encoding
--------------------
 sreset | 000
 sready | 001
 swaith | 011
 ssendh | 010
 swaitl | 110
 ssendl | 111
--------------------
Reading core <../../Users/lab/Downloads/PS2_Kbd/PS2_Kbd.ngc>.
Reading core <../../Users/lab/Downloads/VGAtxt48x20/VGAtxt48x20.ngc>.
Reading core <../../Users/lab/Downloads/RotaryEnc/RotaryEnc.ngc>.
Loading core <PS2_Kbd> for timing and area information for instance <XLXI_1>.
Loading core <VGAtxt48x20> for timing and area information for instance <XLXI_2>.
Loading core <RotaryEnc> for timing and area information for instance <XLXI_25>.

=========================================================================
Advanced HDL Synthesis Report

Macro Statistics
# FSMs                                                 : 1
# Registers                                            : 8
 Flip-Flops                                            : 8

=========================================================================

=========================================================================
*                         Low Level Synthesis                           *
=========================================================================

Optimizing unit <Test_KbdVGA> ...

Mapping all equations...
Building and optimizing final netlist ...
Found area constraint ratio of 100 (+ 5) on block Test_KbdVGA, actual ratio is 3.

Final Macro Processing ...

=========================================================================
Final Register Report

Macro Statistics
# Registers                                            : 11
 Flip-Flops                                            : 11

=========================================================================

=========================================================================
*                           Partition Report                            *
=========================================================================

Partition Implementation Status
-------------------------------

  No Partitions were found in this design.

-------------------------------

=========================================================================
*                            Final Report                               *
=========================================================================
Final Results
RTL Top Level Output File Name     : Test_KbdVGA.ngr
Top Level Output File Name         : Test_KbdVGA
Output Format                      : NGC
Optimization Goal                  : Speed
Keep Hierarchy                     : No

Design Statistics
# IOs                              : 13

Cell Usage :
# BELS                             : 432
#      AND2                        : 1
#      AND3                        : 4
#      AND3B1                      : 4
#      AND3B2                      : 1
#      BUF                         : 3
#      GND                         : 4
#      INV                         : 14
#      LUT1                        : 50
#      LUT2                        : 44
#      LUT2_L                      : 4
#      LUT3                        : 33
#      LUT3_L                      : 2
#      LUT4                        : 97
#      LUT4_D                      : 5
#      LUT4_L                      : 9
#      MUXCY                       : 60
#      MUXF5                       : 20
#      MUXF5_L                     : 2
#      MUXF6                       : 6
#      OR2                         : 5
#      VCC                         : 4
#      XOR2                        : 1
#      XORCY                       : 59
# FlipFlops/Latches                : 153
#      FD                          : 51
#      FDC                         : 3
#      FDE                         : 37
#      FDR                         : 15
#      FDRE                        : 46
#      FDSE                        : 1
# RAMS                             : 2
#      RAMB16_S9                   : 1
#      RAMB16_S9_S9                : 1
# Shift Registers                  : 5
#      SRL16                       : 5
# Clock Buffers                    : 1
#      BUFGP                       : 1
# IO Buffers                       : 12
#      IBUF                        : 7
#      OBUF                        : 5
=========================================================================

Device utilization summary:
---------------------------

Selected Device : 3s500efg320-4 

 Number of Slices:                      157  out of   4656     3%  
 Number of Slice Flip Flops:            153  out of   9312     1%  
 Number of 4 input LUTs:                263  out of   9312     2%  
    Number used as logic:               258
    Number used as Shift registers:       5
 Number of IOs:                          13
 Number of bonded IOBs:                  13  out of    232     5%  
 Number of BRAMs:                         2  out of     20    10%  
 Number of GCLKs:                         1  out of     24     4%  

---------------------------
Partition Resource Summary:
---------------------------

  No Partitions were found in this design.

---------------------------


=========================================================================
TIMING REPORT

NOTE: THESE TIMING NUMBERS ARE ONLY A SYNTHESIS ESTIMATE.
      FOR ACCURATE TIMING INFORMATION PLEASE REFER TO THE TRACE REPORT
      GENERATED AFTER PLACE-and-ROUTE.

Clock Information:
------------------
-----------------------------------+------------------------+-------+
Clock Signal                       | Clock buffer(FF name)  | Load  |
-----------------------------------+------------------------+-------+
Clk_50MHz                          | BUFGP                  | 160   |
-----------------------------------+------------------------+-------+

Asynchronous Control Signals Information:
----------------------------------------
-----------------------------------+-----------------------------+-------+
Control Signal                     | Buffer(FF name)             | Load  |
-----------------------------------+-----------------------------+-------+
XLXN_79(XLXI_32:G)                 | NONE(XLXI_12/State_FSM_FFd1)| 3     |
-----------------------------------+-----------------------------+-------+

Timing Summary:
---------------
Speed Grade: -4

   Minimum period: 9.574ns (Maximum Frequency: 104.450MHz)
   Minimum input arrival time before clock: 5.357ns
   Maximum output required time after clock: 5.518ns
   Maximum combinational path delay: No path found

Timing Detail:
--------------
All values displayed in nanoseconds (ns)

=========================================================================
Timing constraint: Default period analysis for Clock 'Clk_50MHz'
  Clock period: 9.574ns (frequency: 104.450MHz)
  Total number of paths / destination ports: 3063 / 342
-------------------------------------------------------------------------
Delay:               9.574ns (Levels of Logic = 9)
  Source:            XLXI_2/XLXI_147/Mrom_DO_rom0000 (RAM)
  Destination:       XLXI_2/XLXI_115/XLXI_155/PixOut (FF)
  Source Clock:      Clk_50MHz rising
  Destination Clock: Clk_50MHz rising

  Data Path: XLXI_2/XLXI_147/Mrom_DO_rom0000 to XLXI_2/XLXI_115/XLXI_155/PixOut
                                Gate     Net
    Cell:in->out      fanout   Delay   Delay  Logical Name (Net Name)
    ----------------------------------------  ------------
     RAMB16_S9:CLK->DO6    1   2.800   0.420  XLXI_147/Mrom_DO_rom0000 (XLXN_899<6>)
     begin scope: 'XLXI_115/XLXI_1'
     begin scope: 'I_M01'
     AND3:I0->O            1   0.704   0.420  I_36_30 (M1)
     OR2:I0->O             1   0.704   0.000  I_36_38 (O)
     end scope: 'I_M01'
     MUXF5_L:I0->LO        1   0.321   0.000  I_M03 (M03)
     MUXF6:I0->O           1   0.521   0.420  I_O (O)
     end scope: 'XLXI_115/XLXI_1'
     XOR2:I0->O            1   0.704   0.420  XLXI_115/XLXI_141 (XLXI_115/XLXN_727)
     AND2:I1->O            1   0.704   0.424  XLXI_115/XLXI_154 (XLXI_115/XLXN_762)
     LUT4:I3->O            1   0.704   0.000  XLXI_115/XLXI_155/iPixOut103 (XLXI_115/XLXI_155/iPixOut)
     FD:D                      0.308          XLXI_115/XLXI_155/PixOut
    ----------------------------------------
    Total                      9.574ns (7.470ns logic, 2.104ns route)
                                       (78.0% logic, 22.0% route)

=========================================================================
Timing constraint: Default OFFSET IN BEFORE for Clock 'Clk_50MHz'
  Total number of paths / destination ports: 18 / 17
-------------------------------------------------------------------------
Offset:              5.357ns (Levels of Logic = 5)
  Source:            SW_1 (PAD)
  Destination:       XLXI_2/I_CursorCnt/State_0 (FF)
  Destination Clock: Clk_50MHz rising

  Data Path: SW_1 to XLXI_2/I_CursorCnt/State_0
                                Gate     Net
    Cell:in->out      fanout   Delay   Delay  Logical Name (Net Name)
    ----------------------------------------  ------------
     IBUF:I->O             2   1.218   0.622  SW_1_IBUF (SW_1_IBUF)
     begin scope: 'XLXI_2'
     LUT4:I0->O            1   0.704   0.424  I_CursorCnt/NextState_0_mux000031_SW0 (N56)
     LUT4:I3->O            6   0.704   0.673  I_CursorCnt/NextState_0_mux000031 (I_CursorCnt/ScrollStart)
     LUT4:I3->O            1   0.704   0.000  I_CursorCnt/NextState_0_mux00001 (I_CursorCnt/NextState)
     FDR:D                     0.308          I_CursorCnt/State_0
    ----------------------------------------
    Total                      5.357ns (3.638ns logic, 1.719ns route)
                                       (67.9% logic, 32.1% route)

=========================================================================
Timing constraint: Default OFFSET OUT AFTER for Clock 'Clk_50MHz'
  Total number of paths / destination ports: 5 / 5
-------------------------------------------------------------------------
Offset:              5.518ns (Levels of Logic = 3)
  Source:            XLXI_2/XLXI_115/XLXI_155/PixOut (FF)
  Destination:       VGA_B (PAD)
  Source Clock:      Clk_50MHz rising

  Data Path: XLXI_2/XLXI_115/XLXI_155/PixOut to VGA_B
                                Gate     Net
    Cell:in->out      fanout   Delay   Delay  Logical Name (Net Name)
    ----------------------------------------  ------------
     FD:C->Q               3   0.591   0.531  XLXI_115/XLXI_155/PixOut (VGA_RGB)
     end scope: 'XLXI_2'
     BUF:I->O              1   0.704   0.420  XLXI_3 (VGA_R_OBUF)
     OBUF:I->O                 3.272          VGA_R_OBUF (VGA_R)
    ----------------------------------------
    Total                      5.518ns (4.567ns logic, 0.951ns route)
                                       (82.8% logic, 17.2% route)

=========================================================================


Total REAL time to Xst completion: 5.00 secs
Total CPU time to Xst completion: 4.92 secs
 
--> 

Total memory usage is 4531668 kilobytes

Number of errors   :    0 (   0 filtered)
Number of warnings :    5 (   0 filtered)
Number of infos    :    0 (   0 filtered)

